Component: ARM Compiler 5.05 update 1 (build 106) Tool: armlink [4d0efa]

==============================================================================

Section Cross References

    startup_stm32f40_41xxx.o(STACK) refers (Special) to heapauxi.o(.text) for __use_two_region_memory
    startup_stm32f40_41xxx.o(HEAP) refers (Special) to heapauxi.o(.text) for __use_two_region_memory
    startup_stm32f40_41xxx.o(RESET) refers (Special) to heapauxi.o(.text) for __use_two_region_memory
    startup_stm32f40_41xxx.o(RESET) refers to startup_stm32f40_41xxx.o(STACK) for __initial_sp
    startup_stm32f40_41xxx.o(RESET) refers to startup_stm32f40_41xxx.o(.text) for Reset_Handler
    startup_stm32f40_41xxx.o(RESET) refers to stm32f4xx_it.o(i.NMI_Handler) for NMI_Handler
    startup_stm32f40_41xxx.o(RESET) refers to stm32f4xx_it.o(i.HardFault_Handler) for HardFault_Handler
    startup_stm32f40_41xxx.o(RESET) refers to stm32f4xx_it.o(i.MemManage_Handler) for MemManage_Handler
    startup_stm32f40_41xxx.o(RESET) refers to stm32f4xx_it.o(i.BusFault_Handler) for BusFault_Handler
    startup_stm32f40_41xxx.o(RESET) refers to stm32f4xx_it.o(i.UsageFault_Handler) for UsageFault_Handler
    startup_stm32f40_41xxx.o(RESET) refers to stm32f4xx_it.o(i.SVC_Handler) for SVC_Handler
    startup_stm32f40_41xxx.o(RESET) refers to stm32f4xx_it.o(i.DebugMon_Handler) for DebugMon_Handler
    startup_stm32f40_41xxx.o(RESET) refers to stm32f4xx_it.o(i.PendSV_Handler) for PendSV_Handler
    startup_stm32f40_41xxx.o(RESET) refers to stm32f4xx_it.o(i.SysTick_Handler) for SysTick_Handler
    startup_stm32f40_41xxx.o(RESET) refers to rc.o(i.TIM3_IRQHandler) for TIM3_IRQHandler
    startup_stm32f40_41xxx.o(RESET) refers to rc.o(i.TIM4_IRQHandler) for TIM4_IRQHandler
    startup_stm32f40_41xxx.o(RESET) refers to usart.o(i.USART1_IRQHandler) for USART1_IRQHandler
    startup_stm32f40_41xxx.o(RESET) refers to usart.o(i.USART2_IRQHandler) for USART2_IRQHandler
    startup_stm32f40_41xxx.o(RESET) refers to timer3.o(i.TIM5_IRQHandler) for TIM5_IRQHandler
    startup_stm32f40_41xxx.o(RESET) refers to timer3.o(i.TIM7_IRQHandler) for TIM7_IRQHandler
    startup_stm32f40_41xxx.o(.text) refers (Special) to heapauxi.o(.text) for __use_two_region_memory
    startup_stm32f40_41xxx.o(.text) refers to system_stm32f4xx.o(i.SystemInit) for SystemInit
    startup_stm32f40_41xxx.o(.text) refers to __main.o(!!!main) for __main
    startup_stm32f40_41xxx.o(.text) refers to startup_stm32f40_41xxx.o(HEAP) for Heap_Mem
    startup_stm32f40_41xxx.o(.text) refers to startup_stm32f40_41xxx.o(STACK) for Stack_Mem
    stm32f4xx_adc.o(i.ADC_DeInit) refers to stm32f4xx_rcc.o(i.RCC_APB2PeriphResetCmd) for RCC_APB2PeriphResetCmd
    stm32f4xx_dac.o(i.DAC_DeInit) refers to stm32f4xx_rcc.o(i.RCC_APB1PeriphResetCmd) for RCC_APB1PeriphResetCmd
    stm32f4xx_flash.o(i.FLASH_EraseAllBank1Sectors) refers to stm32f4xx_flash.o(i.FLASH_WaitForLastOperation) for FLASH_WaitForLastOperation
    stm32f4xx_flash.o(i.FLASH_EraseAllBank2Sectors) refers to stm32f4xx_flash.o(i.FLASH_WaitForLastOperation) for FLASH_WaitForLastOperation
    stm32f4xx_flash.o(i.FLASH_EraseAllSectors) refers to stm32f4xx_flash.o(i.FLASH_WaitForLastOperation) for FLASH_WaitForLastOperation
    stm32f4xx_flash.o(i.FLASH_EraseSector) refers to stm32f4xx_flash.o(i.FLASH_WaitForLastOperation) for FLASH_WaitForLastOperation
    stm32f4xx_flash.o(i.FLASH_OB_Launch) refers to stm32f4xx_flash.o(i.FLASH_WaitForLastOperation) for FLASH_WaitForLastOperation
    stm32f4xx_flash.o(i.FLASH_OB_PCROP1Config) refers to stm32f4xx_flash.o(i.FLASH_WaitForLastOperation) for FLASH_WaitForLastOperation
    stm32f4xx_flash.o(i.FLASH_OB_PCROPConfig) refers to stm32f4xx_flash.o(i.FLASH_WaitForLastOperation) for FLASH_WaitForLastOperation
    stm32f4xx_flash.o(i.FLASH_OB_RDPConfig) refers to stm32f4xx_flash.o(i.FLASH_WaitForLastOperation) for FLASH_WaitForLastOperation
    stm32f4xx_flash.o(i.FLASH_OB_UserConfig) refers to stm32f4xx_flash.o(i.FLASH_WaitForLastOperation) for FLASH_WaitForLastOperation
    stm32f4xx_flash.o(i.FLASH_OB_WRP1Config) refers to stm32f4xx_flash.o(i.FLASH_WaitForLastOperation) for FLASH_WaitForLastOperation
    stm32f4xx_flash.o(i.FLASH_OB_WRPConfig) refers to stm32f4xx_flash.o(i.FLASH_WaitForLastOperation) for FLASH_WaitForLastOperation
    stm32f4xx_flash.o(i.FLASH_ProgramByte) refers to stm32f4xx_flash.o(i.FLASH_WaitForLastOperation) for FLASH_WaitForLastOperation
    stm32f4xx_flash.o(i.FLASH_ProgramDoubleWord) refers to stm32f4xx_flash.o(i.FLASH_WaitForLastOperation) for FLASH_WaitForLastOperation
    stm32f4xx_flash.o(i.FLASH_ProgramHalfWord) refers to stm32f4xx_flash.o(i.FLASH_WaitForLastOperation) for FLASH_WaitForLastOperation
    stm32f4xx_flash.o(i.FLASH_ProgramWord) refers to stm32f4xx_flash.o(i.FLASH_WaitForLastOperation) for FLASH_WaitForLastOperation
[...]
    i.uart_init                              0x0800739c   Section        0  usart.o(i.uart_init)
    x$fpl$basic                              0x0800744c   Section       24  basic.o(x$fpl$basic)
    $v0                                      0x0800744c   Number         0  basic.o(x$fpl$basic)
    x$fpl$d2f                                0x08007464   Section       98  d2f.o(x$fpl$d2f)
    $v0                                      0x08007464   Number         0  d2f.o(x$fpl$d2f)
    x$fpl$dadd                               0x080074c8   Section      336  daddsub_clz.o(x$fpl$dadd)
    $v0                                      0x080074c8   Number         0  daddsub_clz.o(x$fpl$dadd)
    _dadd1                                   0x080074d9   Thumb Code     0  daddsub_clz.o(x$fpl$dadd)
    x$fpl$ddiv                               0x08007618   Section      688  ddiv.o(x$fpl$ddiv)
    $v0                                      0x08007618   Number         0  ddiv.o(x$fpl$ddiv)
    ddiv_entry                               0x0800761f   Thumb Code     0  ddiv.o(x$fpl$ddiv)
    x$fpl$dfix                               0x080078c8   Section       94  dfix.o(x$fpl$dfix)
    $v0                                      0x080078c8   Number         0  dfix.o(x$fpl$dfix)
    x$fpl$dfixu                              0x08007928   Section       90  dfixu.o(x$fpl$dfixu)
    $v0                                      0x08007928   Number         0  dfixu.o(x$fpl$dfixu)
    x$fpl$dflt                               0x08007982   Section       46  dflt_clz.o(x$fpl$dflt)
    $v0                                      0x08007982   Number         0  dflt_clz.o(x$fpl$dflt)
    x$fpl$dfltu                              0x080079b0   Section       38  dflt_clz.o(x$fpl$dfltu)
    $v0                                      0x080079b0   Number         0  dflt_clz.o(x$fpl$dfltu)
    x$fpl$dmul                               0x080079d8   Section      340  dmul.o(x$fpl$dmul)
    $v0                                      0x080079d8   Number         0  dmul.o(x$fpl$dmul)
    x$fpl$dnaninf                            0x08007b2c   Section      156  dnaninf.o(x$fpl$dnaninf)
    $v0                                      0x08007b2c   Number         0  dnaninf.o(x$fpl$dnaninf)
    x$fpl$dretinf                            0x08007bc8   Section       12  dretinf.o(x$fpl$dretinf)
    $v0                                      0x08007bc8   Number         0  dretinf.o(x$fpl$dretinf)
    x$fpl$drsb                               0x08007bd4   Section       22  daddsub_clz.o(x$fpl$drsb)
    $v0                                      0x08007bd4   Number         0  daddsub_clz.o(x$fpl$drsb)
    x$fpl$dsqrt                              0x08007bec   Section      408  dsqrt_umaal.o(x$fpl$dsqrt)
    $v0                                      0x08007bec   Number         0  dsqrt_umaal.o(x$fpl$dsqrt)
    x$fpl$dsub                               0x08007d84   Section      468  daddsub_clz.o(x$fpl$dsub)
    $v0                                      0x08007d84   Number         0  daddsub_clz.o(x$fpl$dsub)
    _dsub1                                   0x08007d95   Thumb Code     0  daddsub_clz.o(x$fpl$dsub)
    x$fpl$f2d                                0x08007f58   Section       86  f2d.o(x$fpl$f2d)
    $v0                                      0x08007f58   Number         0  f2d.o(x$fpl$f2d)
    x$fpl$fnaninf                            0x08007fae   Section      140  fnaninf.o(x$fpl$fnaninf)
    $v0                                      0x08007fae   Number         0  fnaninf.o(x$fpl$fnaninf)
    x$fpl$fpinit                             0x0800803a   Section       10  fpinit.o(x$fpl$fpinit)
    $v0                                      0x0800803a   Number         0  fpinit.o(x$fpl$fpinit)
    x$fpl$fretinf                            0x08008044   Section       10  fretinf.o(x$fpl$fretinf)
    $v0                                      0x08008044   Number         0  fretinf.o(x$fpl$fretinf)
    x$fpl$usenofp                            0x0800804e   Section        0  usenofp.o(x$fpl$usenofp)
    .constdata                               0x08008050   Section       80  asin.o(.constdata)
    pS                                       0x08008050   Data          48  asin.o(.constdata)
    qS                                       0x08008080   Data          32  asin.o(.constdata)
    .constdata                               0x080080a0   Section      152  atan.o(.constdata)
    atanhi                                   0x080080a0   Data          32  atan.o(.constdata)
    atanlo                                   0x080080c0   Data          32  atan.o(.constdata)
    aTodd                                    0x080080e0   Data          40  atan.o(.constdata)
    aTeven                                   0x08008108   Data          48  atan.o(.constdata)
    .constdata                               0x08008138   Section       48  cos_i.o(.constdata)
    C                                        0x08008138   Data          48  cos_i.o(.constdata)
    .constdata                               0x08008168   Section        8  qnan.o(.constdata)
    .constdata                               0x08008170   Section      200  rred.o(.constdata)
    pio2s                                    0x08008170   Data          48  rred.o(.constdata)
    twooverpi                                0x080081a0   Data         152  rred.o(.constdata)
    .constdata                               0x08008238   Section       40  sin_i.o(.constdata)
    S                                        0x08008238   Data          40  sin_i.o(.constdata)
    .data                                    0x20000000   Section       16  stm32f4xx_rcc.o(.data)
    APBAHBPrescTable                         0x20000000   Data          16  stm32f4xx_rcc.o(.data)
    .data                                    0x20000010   Section        4  delay.o(.data)
    .data                                    0x20000014   Section       17  usart.o(.data)
    i                                        0x20000024   Data           1  usart.o(.data)
    .data                                    0x20000028   Section       12  main.o(.data)
    .data                                    0x20000034   Section       87  hmc5883l.o(.data)
    filter_cnt                               0x2000008a   Data           1  hmc5883l.o(.data)
    .data                                    0x20000090   Section      164  mpu6050.o(.data)
    x_last                                   0x200000e8   Data           8  mpu6050.o(.data)
    p_last                                   0x200000f0   Data           8  mpu6050.o(.data)
    x_last                                   0x200000f8   Data           8  mpu6050.o(.data)
    p_last                                   0x20000100   Data           8  mpu6050.o(.data)
    x_last                                   0x20000108   Data           8  mpu6050.o(.data)
    p_last                                   0x20000110   Data           8  mpu6050.o(.data)
    x                                        0x20000118   Data           4  mpu6050.o(.data)
    y                                        0x2000011c   Data           4  mpu6050.o(.data)
    z                                        0x20000120   Data           4  mpu6050.o(.data)
    x1                                       0x20000124   Data           4  mpu6050.o(.data)
    y1                                       0x20000128   Data           4  mpu6050.o(.data)
    z1                                       0x2000012c   Data           4  mpu6050.o(.data)
    num                                      0x20000130   Data           4  mpu6050.o(.data)
    .data                                    0x20000134   Section       20  timer3.o(.data)
    times                                    0x20000144   Data           2  timer3.o(.data)
    times1                                   0x20000146   Data           2  timer3.o(.data)
    .data                                    0x20000148   Section       28  imu.o(.data)
    .data                                    0x20000164   Section       40  control.o(.data)
    roll_old                                 0x20000184   Data           4  control.o(.data)
    pitch_old                                0x20000188   Data           4  control.o(.data)
    .data                                    0x2000018c   Section       46  rc.o(.data)
    temp_cnt1                                0x2000018c   Data           2  rc.o(.data)
    temp_cnt1_2                              0x2000018e   Data           2  rc.o(.data)
    temp_cnt2                                0x20000190   Data           2  rc.o(.data)
    temp_cnt2_2                              0x20000192   Data           2  rc.o(.data)
    temp_cnt3                                0x20000194   Data           2  rc.o(.data)
    temp_cnt3_2                              0x20000196   Data           2  rc.o(.data)
    temp_cnt4                                0x20000198   Data           2  rc.o(.data)
    temp_cnt4_2                              0x2000019a   Data           2  rc.o(.data)
    temp_cnt1                                0x2000019c   Data           2  rc.o(.data)
    temp_cnt1_2                              0x2000019e   Data           2  rc.o(.data)
    temp_cnt2                                0x200001a0   Data           2  rc.o(.data)
    temp_cnt2_2                              0x200001a2   Data           2  rc.o(.data)
    temp_cnt3                                0x200001a4   Data           2  rc.o(.data)
    temp_cnt3_2                              0x200001a6   Data           2  rc.o(.data)
    temp_cnt4                                0x200001a8   Data           2  rc.o(.data)
    temp_cnt4_2                              0x200001aa   Data           2  rc.o(.data)
    rcDataMean                               0x200001ac   Data           8  rc.o(.data)
    rcValuesIndex                            0x200001b4   Data           1  rc.o(.data)
    time1                                    0x200001b6   Data           2  rc.o(.data)
    time2                                    0x200001b8   Data           2  rc.o(.data)
    .data                                    0x200001ba   Section        5  sand_data.o(.data)
    _data_len                                0x200001bc   Data           1  sand_data.o(.data)
    _data_cnt                                0x200001bd   Data           1  sand_data.o(.data)
    state                                    0x200001be   Data           1  sand_data.o(.data)
    .bss                                     0x200001c0   Section       14  ms5611.o(.bss)
    .bss                                     0x200001ce   Section       60  hmc5883l.o(.bss)
    .bss                                     0x20000210   Section      648  mpu6050.o(.bss)
    File_Buf                                 0x200003a8   Data         240  mpu6050.o(.bss)
    .bss                                     0x20000498   Section       12  imu.o(.bss)
    .bss                                     0x200004a4   Section      436  control.o(.bss)
    .bss                                     0x20000658   Section       80  rc.o(.bss)
    rcDataCache                              0x20000688   Data          32  rc.o(.bss)
    .bss                                     0x200006a8   Section       66  sand_data.o(.bss)
    RxBuffer                                 0x200006b8   Data          50  sand_data.o(.bss)
    .bss                                     0x200006ec   Section       24  hight.o(.bss)
    Alt_Hight                                0x200006f8   Data          12  hight.o(.bss)
    .bss                                     0x20000704   Section       96  libspace.o(.bss)
    HEAP                                     0x20000768   Section      512  startup_stm32f40_41xxx.o(HEAP)
    Heap_Mem                                 0x20000768   Data         512  startup_stm32f40_41xxx.o(HEAP)
    STACK                                    0x20000968   Section     1024  startup_stm32f40_41xxx.o(STACK)
    Stack_Mem                                0x20000968   Data        1024  startup_stm32f40_41xxx.o(STACK)
    __initial_sp                             0x20000d68   Data           0  startup_stm32f40_41xxx.o(STACK)

    Global Symbols

    Symbol Name                              Value     Ov Type        Size  Object(Section)

    BuildAttributes$$THM_ISAv4$E$P$D$K$B$S$7EM$VFPi3$EXTD16$VFPS$VFMA$PE$A:L22UL41UL21$X:L11$S22US41US21$IEEE1$IW$USESV6$~STKCKD$USESV7$~SHL$OTIME$ROPI$IEEEX$EBA8$UX$STANDARDLIB$REQ8$PRES8$EABIv2 0x00000000   Number         0  anon$$obj.o ABSOLUTE
    __ARM_use_no_argv                        0x00000000   Number         0  main.o ABSOLUTE
    __ARM_exceptions_init                     - Undefined Weak Reference
    __alloca_initialize                       - Undefined Weak Reference
    __arm_preinit_                            - Undefined Weak Reference
    __cpp_initialize__aeabi_                  - Undefined Weak Reference
    __cxa_finalize                            - Undefined Weak Reference
    __rt_locale                               - Undefined Weak Reference
    __sigvec_lookup                           - Undefined Weak Reference
    _atexit_init                              - Undefined Weak Reference
    _call_atexit_fns                          - Undefined Weak Reference
    _clock_init                               - Undefined Weak Reference
    _fp_trap_init                             - Undefined Weak Reference
    _fp_trap_shutdown                         - Undefined Weak Reference
    _get_lc_collate                           - Undefined Weak Reference
    _get_lc_ctype                             - Undefined Weak Reference
    _get_lc_monetary                          - Undefined Weak Reference
    _get_lc_numeric                           - Undefined Weak Reference
    _get_lc_time                              - Undefined Weak Reference
    _getenv_init                              - Undefined Weak Reference
    _handle_redirection                       - Undefined Weak Reference
    _init_alloc                               - Undefined Weak Reference
    _init_user_alloc                          - Undefined Weak Reference
    _initio                                   - Undefined Weak Reference
    _rand_init                                - Undefined Weak Reference
    _signal_finish                            - Undefined Weak Reference
    _signal_init                              - Undefined Weak Reference
    _terminate_alloc                          - Undefined Weak Reference
    _terminate_user_alloc                     - Undefined Weak Reference
    _terminateio                              - Undefined Weak Reference
    __Vectors_Size                           0x00000188   Number         0  startup_stm32f40_41xxx.o ABSOLUTE
    __Vectors                                0x08000000   Data           4  startup_stm32f40_41xxx.o(RESET)
    __Vectors_End                            0x08000188   Data           0  startup_stm32f40_41xxx.o(RESET)
    __main                                   0x08000189   Thumb Code     8  __main.o(!!!main)
    __scatterload                            0x08000191   Thumb Code     0  __scatter.o(!!!scatter)
    __scatterload_rt2                        0x08000191   Thumb Code    44  __scatter.o(!!!scatter)
    __scatterload_rt2_thumb_only             0x08000191   Thumb Code     0  __scatter.o(!!!scatter)
    __scatterload_null                       0x0800019f   Thumb Code     0  __scatter.o(!!!scatter)
    __decompress                             0x080001c5   Thumb Code    90  __dczerorl2.o(!!dczerorl2)
    __decompress1                            0x080001c5   Thumb Code     0  __dczerorl2.o(!!dczerorl2)
    __scatterload_zeroinit                   0x08000221   Thumb Code    28  __scatter_zi.o(!!handler_zi)
    __rt_lib_init                            0x0800023d   Thumb Code     0  libinit.o(.ARM.Collect$$libinit$$00000000)
    __rt_lib_init_fp_1                       0x0800023f   Thumb Code     0  libinit2.o(.ARM.Collect$$libinit$$00000001)
    __rt_lib_init_alloca_1                   0x08000243   Thumb Code     0  libinit2.o(.ARM.Collect$$libinit$$0000002E)
    __rt_lib_init_argv_1                     0x08000243   Thumb Code     0  libinit2.o(.ARM.Collect$$libinit$$0000002C)
    __rt_lib_init_atexit_1                   0x08000243   Thumb Code     0  libinit2.o(.ARM.Collect$$libinit$$0000001B)
    __rt_lib_init_clock_1                    0x08000243   Thumb Code     0  libinit2.o(.ARM.Collect$$libinit$$00000021)
    __rt_lib_init_cpp_1                      0x08000243   Thumb Code     0  libinit2.o(.ARM.Collect$$libinit$$00000032)
    __rt_lib_init_exceptions_1               0x08000243   Thumb Code     0  libinit2.o(.ARM.Collect$$libinit$$00000030)
    __rt_lib_init_fp_trap_1                  0x08000243   Thumb Code     0  libinit2.o(.ARM.Collect$$libinit$$0000001F)
    __rt_lib_init_getenv_1                   0x08000243   Thumb Code     0  libinit2.o(.ARM.Collect$$libinit$$00000023)
    __rt_lib_init_heap_1                     0x08000243   Thumb Code     0  libinit2.o(.ARM.Collect$$libinit$$0000000A)
    __rt_lib_init_lc_collate_1               0x08000243   Thumb Code     0  libinit2.o(.ARM.Collect$$libinit$$00000011)
    __rt_lib_init_lc_ctype_1                 0x08000243   Thumb Code     0  libinit2.o(.ARM.Collect$$libinit$$00000013)
    __rt_lib_init_lc_monetary_1              0x08000243   Thumb Code     0  libinit2.o(.ARM.Collect$$libinit$$00000015)
    __rt_lib_init_lc_numeric_1               0x08000243   Thumb Code     0  libinit2.o(.ARM.Collect$$libinit$$00000017)
    __rt_lib_init_lc_time_1                  0x08000243   Thumb Code     0  libinit2.o(.ARM.Collect$$libinit$$00000019)
    __rt_lib_init_preinit_1                  0x08000243   Thumb Code     0  libinit2.o(.ARM.Collect$$libinit$$00000004)
    __rt_lib_init_rand_1                     0x08000243   Thumb Code     0  libinit2.o(.ARM.Collect$$libinit$$0000000E)
    __rt_lib_init_return                     0x08000243   Thumb Code     0  libinit2.o(.ARM.Collect$$libinit$$00000033)
    __rt_lib_init_signal_1                   0x08000243   Thumb Code     0  libinit2.o(.ARM.Collect$$libinit$$0000001D)
    __rt_lib_init_stdio_1                    0x08000243   Thumb Code     0  libinit2.o(.ARM.Collect$$libinit$$00000025)
    __rt_lib_init_user_alloc_1               0x08000243   Thumb Code     0  libinit2.o(.ARM.Collect$$libinit$$0000000C)
    __rt_lib_shutdown                        0x08000245   Thumb Code     0  libshutdown.o(.ARM.Collect$$libshutdown$$00000000)
    __rt_lib_shutdown_fp_trap_1              0x08000247   Thumb Code     0  libshutdown2.o(.ARM.Collect$$libshutdown$$00000006)
    __rt_lib_shutdown_heap_1                 0x08000247   Thumb Code     0  libshutdown2.o(.ARM.Collect$$libshutdown$$0000000E)
    __rt_lib_shutdown_return                 0x08000247   Thumb Code     0  libshutdown2.o(.ARM.Collect$$libshutdown$$0000000F)
    __rt_lib_shutdown_signal_1               0x08000247   Thumb Code     0  libshutdown2.o(.ARM.Collect$$libshutdown$$00000009)
    __rt_lib_shutdown_stdio_1                0x08000247   Thumb Code     0  libshutdown2.o(.ARM.Collect$$libshutdown$$00000003)
    __rt_lib_shutdown_user_alloc_1           0x08000247   Thumb Code     0  libshutdown2.o(.ARM.Collect$$libshutdown$$0000000B)
    __rt_entry                               0x08000249   Thumb Code     0  __rtentry.o(.ARM.Collect$$rtentry$$00000000)
    __rt_entry_presh_1                       0x08000249   Thumb Code     0  __rtentry2.o(.ARM.Collect$$rtentry$$00000002)
    __rt_entry_sh                            0x08000249   Thumb Code     0  __rtentry4.o(.ARM.Collect$$rtentry$$00000004)
    __rt_entry_li                            0x0800024f   Thumb Code     0  __rtentry2.o(.ARM.Collect$$rtentry$$0000000A)
    __rt_entry_postsh_1                      0x0800024f   Thumb Code     0  __rtentry2.o(.ARM.Collect$$rtentry$$00000009)
    __rt_entry_main                          0x08000253   Thumb Code     0  __rtentry2.o(.ARM.Collect$$rtentry$$0000000D)
    __rt_entry_postli_1                      0x08000253   Thumb Code     0  __rtentry2.o(.ARM.Collect$$rtentry$$0000000C)
    __rt_exit                                0x0800025b   Thumb Code     0  rtexit.o(.ARM.Collect$$rtexit$$00000000)
    __rt_exit_ls                             0x0800025d   Thumb Code     0  rtexit2.o(.ARM.Collect$$rtexit$$00000003)
    __rt_exit_prels_1                        0x0800025d   Thumb Code     0  rtexit2.o(.ARM.Collect$$rtexit$$00000002)
    __rt_exit_exit                           0x08000261   Thumb Code     0  rtexit2.o(.ARM.Collect$$rtexit$$00000004)
    Reset_Handler                            0x08000269   Thumb Code     8  startup_stm32f40_41xxx.o(.text)
    ADC_IRQHandler                           0x08000283   Thumb Code     0  startup_stm32f40_41xxx.o(.text)
    CAN1_RX0_IRQHandler                      0x08000283   Thumb Code     0  startup_stm32f40_41xxx.o(.text)
    CAN1_RX1_IRQHandler                      0x08000283   Thumb Code     0  startup_stm32f40_41xxx.o(.text)
    CAN1_SCE_IRQHandler                      0x08000283   Thumb Code     0  startup_stm32f40_41xxx.o(.text)
    CAN1_TX_IRQHandler                       0x08000283   Thumb Code     0  startup_stm32f40_41xxx.o(.text)
    CAN2_RX0_IRQHandler                      0x08000283   Thumb Code     0  startup_stm32f40_41xxx.o(.text)
    CAN2_RX1_IRQHandler                      0x08000283   Thumb Code     0  startup_stm32f40_41xxx.o(.text)
    CAN2_SCE_IRQHandler                      0x08000283   Thumb Code     0  startup_stm32f40_41xxx.o(.text)
    CAN2_TX_IRQHandler                       0x08000283   Thumb Code     0  startup_stm32f40_41xxx.o(.text)
    CRYP_IRQHandler                          0x08000283   Thumb Code     0  startup_stm32f40_41xxx.o(.text)
    DCMI_IRQHandler                          0x08000283   Thumb Code     0  startup_stm32f40_41xxx.o(.text)
    DMA1_Stream0_IRQHandler                  0x08000283   Thumb Code     0  startup_stm32f40_41xxx.o(.text)
    DMA1_Stream1_IRQHandler                  0x08000283   Thumb Code     0  startup_stm32f40_41xxx.o(.text)
    DMA1_Stream2_IRQHandler                  0x08000283   Thumb Code     0  startup_stm32f40_41xxx.o(.text)
    DMA1_Stream3_IRQHandler                  0x08000283   Thumb Code     0  startup_stm32f40_41xxx.o(.text)
    DMA1_Stream4_IRQHandler                  0x08000283   Thumb Code     0  startup_stm32f40_41xxx.o(.text)
    DMA1_Stream5_IRQHandler                  0x08000283   Thumb Code     0  startup_stm32f40_41xxx.o(.text)
    DMA1_Stream6_IRQHandler                  0x08000283   Thumb Code     0  startup_stm32f40_41xxx.o(.text)
    DMA1_Stream7_IRQHandler                  0x08000283   Thumb Code     0  startup_stm32f40_41xxx.o(.text)
    DMA2_Stream0_IRQHandler                  0x08000283   Thumb Code     0  startup_stm32f40_41xxx.o(.text)
    DMA2_Stream1_IRQHandler                  0x08000283   Thumb Code     0  startup_stm32f40_41xxx.o(.text)
    DMA2_Stream2_IRQHandler                  0x08000283   Thumb Code     0  startup_stm32f40_41xxx.o(.text)
    DMA2_Stream3_IRQHandler                  0x08000283   Thumb Code     0  startup_stm32f40_41xxx.o(.text)
    DMA2_Stream4_IRQHandler                  0x08000283   Thumb Code     0  startup_stm32f40_41xxx.o(.text)
    DMA2_Stream5_IRQHandler                  0x08000283   Thumb Code     0  startup_stm32f40_41xxx.o(.text)
    DMA2_Stream6_IRQHandler                  0x08000283   Thumb Code     0  startup_stm32f40_41xxx.o(.text)
    DMA2_Stream7_IRQHandler                  0x08000283   Thumb Code     0  startup_stm32f40_41xxx.o(.text)
    ETH_IRQHandler                           0x08000283   Thumb Code     0  startup_stm32f40_41xxx.o(.text)
    ETH_WKUP_IRQHandler                      0x08000283   Thumb Code     0  startup_stm32f40_41xxx.o(.text)
    EXTI0_IRQHandler                         0x08000283   Thumb Code     0  startup_stm32f40_41xxx.o(.text)
    EXTI15_10_IRQHandler                     0x08000283   Thumb Code     0  startup_stm32f40_41xxx.o(.text)
    EXTI1_IRQHandler                         0x08000283   Thumb Code     0  startup_stm32f40_41xxx.o(.text)
    EXTI2_IRQHandler                         0x08000283   Thumb Code     0  startup_stm32f40_41xxx.o(.text)
    EXTI3_IRQHandler                         0x08000283   Thumb Code     0  startup_stm32f40_41xxx.o(.text)
    EXTI4_IRQHandler                         0x08000283   Thumb Code     0  startup_stm32f40_41xxx.o(.text)
    EXTI9_5_IRQHandler                       0x08000283   Thumb Code     0  startup_stm32f40_41xxx.o(.text)
    FLASH_IRQHandler                         0x08000283   Thumb Code     0  startup_stm32f40_41xxx.o(.text)
    FPU_IRQHandler                           0x08000283   Thumb Code     0  startup_stm32f40_41xxx.o(.text)
    FSMC_IRQHandler                          0x08000283   Thumb Code     0  startup_stm32f40_41xxx.o(.text)
    HASH_RNG_IRQHandler                      0x08000283   Thumb Code     0  startup_stm32f40_41xxx.o(.text)
    I2C1_ER_IRQHandler                       0x08000283   Thumb Code     0  startup_stm32f40_41xxx.o(.text)
    I2C1_EV_IRQHandler                       0x08000283   Thumb Code     0  startup_stm32f40_41xxx.o(.text)
    I2C2_ER_IRQHandler                       0x08000283   Thumb Code     0  startup_stm32f40_41xxx.o(.text)
    I2C2_EV_IRQHandler                       0x08000283   Thumb Code     0  startup_stm32f40_41xxx.o(.text)
    I2C3_ER_IRQHandler                       0x08000283   Thumb Code     0  startup_stm32f40_41xxx.o(.text)
    I2C3_EV_IRQHandler                       0x08000283   Thumb Code     0  startup_stm32f40_41xxx.o(.text)
    OTG_FS_IRQHandler                        0x08000283   Thumb Code     0  startup_stm32f40_41xxx.o(.text)
    OTG_FS_WKUP_IRQHandler                   0x08000283   Thumb Code     0  startup_stm32f40_41xxx.o(.text)
    OTG_HS_EP1_IN_IRQHandler                 0x08000283   Thumb Code     0  startup_stm32f40_41xxx.o(.text)
    OTG_HS_EP1_OUT_IRQHandler                0x08000283   Thumb Code     0  startup_stm32f40_41xxx.o(.text)
    OTG_HS_IRQHandler                        0x08000283   Thumb Code     0  startup_stm32f40_41xxx.o(.text)
    OTG_HS_WKUP_IRQHandler                   0x08000283   Thumb Code     0  startup_stm32f40_41xxx.o(.text)
    PVD_IRQHandler                           0x08000283   Thumb Code     0  startup_stm32f40_41xxx.o(.text)
    RCC_IRQHandler                           0x08000283   Thumb Code     0  startup_stm32f40_41xxx.o(.text)
    RTC_Alarm_IRQHandler                     0x08000283   Thumb Code     0  startup_stm32f40_41xxx.o(.text)
    RTC_WKUP_IRQHandler                      0x08000283   Thumb Code     0  startup_stm32f40_41xxx.o(.text)
    SDIO_IRQHandler                          0x08000283   Thumb Code     0  startup_stm32f40_41xxx.o(.text)
    SPI1_IRQHandler                          0x08000283   Thumb Code     0  startup_stm32f40_41xxx.o(.text)
    SPI2_IRQHandler                          0x08000283   Thumb Code     0  startup_stm32f40_41xxx.o(.text)
    SPI3_IRQHandler                          0x08000283   Thumb Code     0  startup_stm32f40_41xxx.o(.text)
    TAMP_STAMP_IRQHandler                    0x08000283   Thumb Code     0  startup_stm32f40_41xxx.o(.text)
    TIM1_BRK_TIM9_IRQHandler                 0x08000283   Thumb Code     0  startup_stm32f40_41xxx.o(.text)
    TIM1_CC_IRQHandler                       0x08000283   Thumb Code     0  startup_stm32f40_41xxx.o(.text)
    TIM1_TRG_COM_TIM11_IRQHandler            0x08000283   Thumb Code     0  startup_stm32f40_41xxx.o(.text)
    TIM1_UP_TIM10_IRQHandler                 0x08000283   Thumb Code     0  startup_stm32f40_41xxx.o(.text)
    TIM2_IRQHandler                          0x08000283   Thumb Code     0  startup_stm32f40_41xxx.o(.text)
    TIM6_DAC_IRQHandler                      0x08000283   Thumb Code     0  startup_stm32f40_41xxx.o(.text)
    TIM8_BRK_TIM12_IRQHandler                0x08000283   Thumb Code     0  startup_stm32f40_41xxx.o(.text)
    TIM8_CC_IRQHandler                       0x08000283   Thumb Code     0  startup_stm32f40_41xxx.o(.text)
    TIM8_TRG_COM_TIM14_IRQHandler            0x08000283   Thumb Code     0  startup_stm32f40_41xxx.o(.text)
    TIM8_UP_TIM13_IRQHandler                 0x08000283   Thumb Code     0  startup_stm32f40_41xxx.o(.text)
    UART4_IRQHandler                         0x08000283   Thumb Code     0  startup_stm32f40_41xxx.o(.text)
    UART5_IRQHandler                         0x08000283   Thumb Code     0  startup_stm32f40_41xxx.o(.text)
    USART3_IRQHandler                        0x08000283   Thumb Code     0  startup_stm32f40_41xxx.o(.text)
    USART6_IRQHandler                        0x08000283   Thumb Code     0  startup_stm32f40_41xxx.o(.text)
    WWDG_IRQHandler                          0x08000283   Thumb Code     0  startup_stm32f40_41xxx.o(.text)
    __user_initial_stackheap                 0x08000285   Thumb Code     0  startup_stm32f40_41xxx.o(.text)
    __use_no_semihosting                     0x080002a9   Thumb Code     2  use_no_semi_2.o(.text)
    __aeabi_memclr4                          0x080002ab   Thumb Code     0  rt_memclr_w.o(.text)
    __aeabi_memclr8                          0x080002ab   Thumb Code     0  rt_memclr_w.o(.text)
    __rt_memclr_w                            0x080002ab   Thumb Code    78  rt_memclr_w.o(.text)
    _memset_w                                0x080002af   Thumb Code     0  rt_memclr_w.o(.text)
    __use_two_region_memory                  0x080002f9   Thumb Code     2  heapauxi.o(.text)
    __rt_heap_escrow$2region                 0x080002fb   Thumb Code     2  heapauxi.o(.text)
    __rt_heap_expand$2region                 0x080002fd   Thumb Code     2  heapauxi.o(.text)
    __I$use$semihosting                      0x080002ff   Thumb Code     0  use_no_semi.o(.text)
    __use_no_semihosting_swi                 0x080002ff   Thumb Code     2  use_no_semi.o(.text)
    __read_errno                             0x08000301   Thumb Code    10  _rserrno.o(.text)
    __set_errno                              0x0800030b   Thumb Code    12  _rserrno.o(.text)
    __aeabi_errno_addr                       0x08000319   Thumb Code     8  rt_errno_addr_intlibspace.o(.text)
    __errno$intlibspace                      0x08000319   Thumb Code     0  rt_errno_addr_intlibspace.o(.text)
    __rt_errno_addr$intlibspace              0x08000319   Thumb Code     0  rt_errno_addr_intlibspace.o(.text)
    __user_libspace                          0x08000321   Thumb Code     8  libspace.o(.text)
    __user_perproc_libspace                  0x08000321   Thumb Code     0  libspace.o(.text)
    __user_perthread_libspace                0x08000321   Thumb Code     0  libspace.o(.text)
    __user_setup_stackheap                   0x08000329   Thumb Code    74  sys_stackheap_outer.o(.text)
    exit                                     0x08000373   Thumb Code    12  exit.o(.text)
    AT24CXX_ReadLenByte                      0x0800037f   Thumb Code    44  24cxx.o(i.AT24CXX_ReadLenByte)
    AT24CXX_ReadOneByte                      0x080003ab   Thumb Code    90  24cxx.o(i.AT24CXX_ReadOneByte)
    AT24CXX_WriteLenByte                     0x08000405   Thumb Code    42  24cxx.o(i.AT24CXX_WriteLenByte)
    AT24CXX_WriteOneByte                     0x0800042f   Thumb Code    80  24cxx.o(i.AT24CXX_WriteOneByte)
    AT24cxx_read_5883_offest                 0x08000481   Thumb Code    60  24cxx.o(i.AT24cxx_read_5883_offest)
    AT24cxx_read_Acc_Gyro_offest             0x080004c9   Thumb Code    92  24cxx.o(i.AT24cxx_read_Acc_Gyro_offest)
    AT24cxx_read_PID_core                    0x08000529   Thumb Code   306  24cxx.o(i.AT24cxx_read_PID_core)
    AT24cxx_read_PID_hight                   0x08000665   Thumb Code   110  24cxx.o(i.AT24cxx_read_PID_hight)
    AT24cxx_read_PID_shell                   0x080006dd   Thumb Code   300  24cxx.o(i.AT24cxx_read_PID_shell)
    AT24cxx_save_5883_offest                 0x08000811   Thumb Code   130  24cxx.o(i.AT24cxx_save_5883_offest)
    AT24cxx_save_Acc_Gyro_offest             0x080008b9   Thumb Code   340  24cxx.o(i.AT24cxx_save_Acc_Gyro_offest)
    AT24cxx_save_PID_core                    0x08000a11   Thumb Code   310  24cxx.o(i.AT24cxx_save_PID_core)
    AT24cxx_save_PID_hight                   0x08000b51   Thumb Code   106  24cxx.o(i.AT24cxx_save_PID_hight)
    AT24cxx_save_PID_shell                   0x08000bc5   Thumb Code   310  24cxx.o(i.AT24cxx_save_PID_shell)
    BusFault_Handler                         0x08000d05   Thumb Code     4  stm32f4xx_it.o(i.BusFault_Handler)
    CONTROL                                  0x08000d09   Thumb Code  1756  control.o(i.CONTROL)
    Data_Receive_Anl                         0x08001405   Thumb Code  1296  sand_data.o(i.Data_Receive_Anl)
    Data_Receive_Prepare                     0x08001919   Thumb Code   216  sand_data.o(i.Data_Receive_Prepare)
    Deblocking                               0x08001a01   Thumb Code   214  rc.o(i.Deblocking)
    DebugMon_Handler                         0x08001aed   Thumb Code     2  stm32f4xx_it.o(i.DebugMon_Handler)
    GPIO_Init                                0x08001aef   Thumb Code   144  stm32f4xx_gpio.o(i.GPIO_Init)
    GPIO_PinAFConfig                         0x08001b7f   Thumb Code    70  stm32f4xx_gpio.o(i.GPIO_PinAFConfig)
    GPIO_ReadInputDataBit                    0x08001bc5   Thumb Code    18  stm32f4xx_gpio.o(i.GPIO_ReadInputDataBit)
    GPIO_ResetBits                           0x08001bd7   Thumb Code     4  stm32f4xx_gpio.o(i.GPIO_ResetBits)
    GPIO_SetBits                             0x08001bdb   Thumb Code     4  stm32f4xx_gpio.o(i.GPIO_SetBits)
    GetSysTime_us                            0x08001be1   Thumb Code    48  delay.o(i.GetSysTime_us)
    Get_Attitude                             0x08001c15   Thumb Code   150  imu.o(i.Get_Attitude)
    HMC5883L_Save_Calib                      0x08001cbd   Thumb Code   176  hmc5883l.o(i.HMC5883L_Save_Calib)
    HMC5883L_Start_Calib                     0x08001db1   Thumb Code   306  hmc5883l.o(i.HMC5883L_Start_Calib)
    HardFault_Handler                        0x08001f35   Thumb Code     4  stm32f4xx_it.o(i.HardFault_Handler)
    IIC_ADD_read                             0x08001f39   Thumb Code    60  iic.o(i.IIC_ADD_read)
    IIC_ADD_write                            0x08001f75   Thumb Code    54  iic.o(i.IIC_ADD_write)
    IIC_ADD_writelen_BYTE                    0x08001fab   Thumb Code    44  iic.o(i.IIC_ADD_writelen_BYTE)
    IIC_Ack                                  0x08001fd9   Thumb Code    72  iic.o(i.IIC_Ack)
    IIC_Init                                 0x0800202d   Thumb Code    60  iic.o(i.IIC_Init)
    IIC_NAck                                 0x08002075   Thumb Code    72  iic.o(i.IIC_NAck)
    IIC_Read_Byte                            0x080020c9   Thumb Code    82  iic.o(i.IIC_Read_Byte)
    IIC_Read_MultiBytes                      0x08002129   Thumb Code    48  iic.o(i.IIC_Read_MultiBytes)
    IIC_Send_Byte                            0x08002159   Thumb Code   106  iic.o(i.IIC_Send_Byte)
    IIC_Start                                0x080021d1   Thumb Code    68  iic.o(i.IIC_Start)
    IIC_Stop                                 0x0800221d   Thumb Code    68  iic.o(i.IIC_Stop)
    IIC_Wait_Ack                             0x0800226d   Thumb Code    88  iic.o(i.IIC_Wait_Ack)
    IMUupdate                                0x080022d1   Thumb Code  1994  imu.o(i.IMUupdate)
    Init_HMC5883L                            0x08002ac9   Thumb Code    70  hmc5883l.o(i.Init_HMC5883L)
    LPF_1st                                  0x08002e11   Thumb Code    22  algorithm_filter.o(i.LPF_1st)
    MPU_Acc_Offset                           0x08002e29   Thumb Code   190  mpu6050.o(i.MPU_Acc_Offset)
    MPU_Gyro_Offset                          0x08002ef1   Thumb Code   194  mpu6050.o(i.MPU_Gyro_Offset)
    MPU_Init                                 0x08002fbd   Thumb Code   100  mpu6050.o(i.MPU_Init)
    MPU_Read                                 0x08003025   Thumb Code   172  mpu6050.o(i.MPU_Read)
    MPU_Updata                               0x080030d5   Thumb Code   390  mpu6050.o(i.MPU_Updata)
    MS561101BA_Init                          0x0800327d   Thumb Code    24  ms5611.o(i.MS561101BA_Init)
    MS561101BA_Reset                         0x08003295   Thumb Code    38  ms5611.o(i.MS561101BA_Reset)
    MS561101BA_readPROM                      0x080032bd   Thumb Code   110  ms5611.o(i.MS561101BA_readPROM)
    MemManage_Handler                        0x08003331   Thumb Code     4  stm32f4xx_it.o(i.MemManage_Handler)
    Moto_Init                                0x08003335   Thumb Code   112  motor.o(i.Moto_Init)
    Moto_PwmRflash                           0x080033a9   Thumb Code    72  motor.o(i.Moto_PwmRflash)
    Multiple_Read_HMC5883L                   0x080033f1   Thumb Code   282  hmc5883l.o(i.Multiple_Read_HMC5883L)
    NMI_Handler                              0x08003559   Thumb Code     2  stm32f4xx_it.o(i.NMI_Handler)
    NVIC_Init                                0x0800355d   Thumb Code   106  misc.o(i.NVIC_Init)
    NVIC_PriorityGroupConfig                 0x080035d5   Thumb Code    10  misc.o(i.NVIC_PriorityGroupConfig)
    PWM_IN_Init                              0x080035e9   Thumb Code   704  rc.o(i.PWM_IN_Init)
    PendSV_Handler                           0x080038bd   Thumb Code     2  stm32f4xx_it.o(i.PendSV_Handler)
    Prepare_Data                             0x080038c1   Thumb Code   416  mpu6050.o(i.Prepare_Data)
    RCC_AHB1PeriphClockCmd                   0x08003a8d   Thumb Code    26  stm32f4xx_rcc.o(i.RCC_AHB1PeriphClockCmd)
    RCC_APB1PeriphClockCmd                   0x08003aad   Thumb Code    26  stm32f4xx_rcc.o(i.RCC_APB1PeriphClockCmd)
    RCC_APB2PeriphClockCmd                   0x08003acd   Thumb Code    26  stm32f4xx_rcc.o(i.RCC_APB2PeriphClockCmd)
    RCC_GetClocksFreq                        0x08003aed   Thumb Code   214  stm32f4xx_rcc.o(i.RCC_GetClocksFreq)
    RC_Data_Refine                           0x08003bd5   Thumb Code   302  rc.o(i.RC_Data_Refine)
    Rc_AUX                                   0x08003d1d   Thumb Code    36  rc.o(i.Rc_AUX)
    SVC_Handler                              0x08003d49   Thumb Code     2  stm32f4xx_it.o(i.SVC_Handler)
    SysTick_CLKSourceConfig                  0x08003eb1   Thumb Code    40  misc.o(i.SysTick_CLKSourceConfig)
    SysTick_Configuration                    0x08003ed9   Thumb Code    98  delay.o(i.SysTick_Configuration)
    SysTick_Handler                          0x08003f45   Thumb Code    12  stm32f4xx_it.o(i.SysTick_Handler)
    SystemInit                               0x08003f55   Thumb Code    88  system_stm32f4xx.o(i.SystemInit)
    TIM3_IRQHandler                          0x080040e1   Thumb Code   450  rc.o(i.TIM3_IRQHandler)
    TIM4_IRQHandler                          0x080042d9   Thumb Code   444  rc.o(i.TIM4_IRQHandler)
    TIM5_IRQHandler                          0x080044c1   Thumb Code   452  timer3.o(i.TIM5_IRQHandler)
    TIM6_init                                0x080046c1   Thumb Code    90  timer3.o(i.TIM6_init)
    TIM7_IRQHandler                          0x08004721   Thumb Code    34  timer3.o(i.TIM7_IRQHandler)
    TIM_ARRPreloadConfig                     0x0800474d   Thumb Code    24  stm32f4xx_tim.o(i.TIM_ARRPreloadConfig)
    TIM_ClearITPendingBit                    0x08004765   Thumb Code     6  stm32f4xx_tim.o(i.TIM_ClearITPendingBit)
    TIM_Cmd                                  0x0800476b   Thumb Code    24  stm32f4xx_tim.o(i.TIM_Cmd)
    TIM_GetCapture1                          0x08004783   Thumb Code     6  stm32f4xx_tim.o(i.TIM_GetCapture1)
    TIM_GetCapture2                          0x08004789   Thumb Code     6  stm32f4xx_tim.o(i.TIM_GetCapture2)
    TIM_GetCapture3                          0x0800478f   Thumb Code     6  stm32f4xx_tim.o(i.TIM_GetCapture3)
    TIM_GetCapture4                          0x08004795   Thumb Code     6  stm32f4xx_tim.o(i.TIM_GetCapture4)
    TIM_GetITStatus                          0x0800479b   Thumb Code    34  stm32f4xx_tim.o(i.TIM_GetITStatus)
    TIM_ICInit                               0x080047bd   Thumb Code   110  stm32f4xx_tim.o(i.TIM_ICInit)
    TIM_ITConfig                             0x0800482b   Thumb Code    18  stm32f4xx_tim.o(i.TIM_ITConfig)
    TIM_OC1Init                              0x0800483d   Thumb Code   114  stm32f4xx_tim.o(i.TIM_OC1Init)
    TIM_OC1PolarityConfig                    0x080048b9   Thumb Code    18  stm32f4xx_tim.o(i.TIM_OC1PolarityConfig)
    TIM_OC1PreloadConfig                     0x080048cb   Thumb Code    18  stm32f4xx_tim.o(i.TIM_OC1PreloadConfig)
    TIM_OC2Init                              0x080048dd   Thumb Code   154  stm32f4xx_tim.o(i.TIM_OC2Init)
    TIM_OC2PreloadConfig                     0x08004981   Thumb Code    26  stm32f4xx_tim.o(i.TIM_OC2PreloadConfig)
    TIM_OC3Init                              0x0800499d   Thumb Code   150  stm32f4xx_tim.o(i.TIM_OC3Init)
    TIM_OC3PreloadConfig                     0x08004a3d   Thumb Code    18  stm32f4xx_tim.o(i.TIM_OC3PreloadConfig)
    TIM_OC4Init                              0x08004a51   Thumb Code   112  stm32f4xx_tim.o(i.TIM_OC4Init)
    TIM_OC4PreloadConfig                     0x08004ac9   Thumb Code    26  stm32f4xx_tim.o(i.TIM_OC4PreloadConfig)
    TIM_SetCounter                           0x08004ae3   Thumb Code     4  stm32f4xx_tim.o(i.TIM_SetCounter)
    TIM_SetIC1Prescaler                      0x08004ae7   Thumb Code    18  stm32f4xx_tim.o(i.TIM_SetIC1Prescaler)
    TIM_SetIC2Prescaler                      0x08004af9   Thumb Code    26  stm32f4xx_tim.o(i.TIM_SetIC2Prescaler)
    TIM_SetIC3Prescaler                      0x08004b13   Thumb Code    18  stm32f4xx_tim.o(i.TIM_SetIC3Prescaler)
    TIM_SetIC4Prescaler                      0x08004b25   Thumb Code    26  stm32f4xx_tim.o(i.TIM_SetIC4Prescaler)
    TIM_TimeBaseInit                         0x08004b41   Thumb Code   104  stm32f4xx_tim.o(i.TIM_TimeBaseInit)
    Tim2_init                                0x08004bc5   Thumb Code   164  motor.o(i.Tim2_init)
    USART1_IRQHandler                        0x08004c69   Thumb Code    54  usart.o(i.USART1_IRQHandler)
    USART2_IRQHandler                        0x08004ca5   Thumb Code   188  usart.o(i.USART2_IRQHandler)
    USART2_Send_Byte                         0x08004d75   Thumb Code    28  usart.o(i.USART2_Send_Byte)
    USART_ClearITPendingBit                  0x08004d95   Thumb Code    30  stm32f4xx_usart.o(i.USART_ClearITPendingBit)
    USART_Cmd                                0x08004db3   Thumb Code    24  stm32f4xx_usart.o(i.USART_Cmd)
    USART_GetFlagStatus                      0x08004dcb   Thumb Code    26  stm32f4xx_usart.o(i.USART_GetFlagStatus)
    USART_GetITStatus                        0x08004de5   Thumb Code    84  stm32f4xx_usart.o(i.USART_GetITStatus)
    USART_ITConfig                           0x08004e39   Thumb Code    74  stm32f4xx_usart.o(i.USART_ITConfig)
    USART_Init                               0x08004e85   Thumb Code   204  stm32f4xx_usart.o(i.USART_Init)
    USART_SendData                           0x08004f59   Thumb Code     8  stm32f4xx_usart.o(i.USART_SendData)
    UsageFault_Handler                       0x08004f61   Thumb Code     4  stm32f4xx_it.o(i.UsageFault_Handler)
    Usart2_init                              0x08004f65   Thumb Code   166  usart.o(i.Usart2_init)
    __ARM_fpclassify                         0x08005015   Thumb Code    48  fpclassify.o(i.__ARM_fpclassify)
    __hardfp_asin                            0x08005049   Thumb Code   770  asin.o(i.__hardfp_asin)
    __hardfp_atan                            0x080053a9   Thumb Code   622  atan.o(i.__hardfp_atan)
    __hardfp_atan2                           0x08005681   Thumb Code   432  atan2.o(i.__hardfp_atan2)
    __hardfp_cos                             0x08005871   Thumb Code   180  cos.o(i.__hardfp_cos)
    __hardfp_sqrt                            0x08005939   Thumb Code   122  sqrt.o(i.__hardfp_sqrt)
    __ieee754_rem_pio2                       0x080059b9   Thumb Code   938  rred.o(i.__ieee754_rem_pio2)
    __kernel_cos                             0x08005df1   Thumb Code   322  cos_i.o(i.__kernel_cos)
    __kernel_poly                            0x08005f61   Thumb Code   248  poly.o(i.__kernel_poly)
    __kernel_sin                             0x08006059   Thumb Code   280  sin_i.o(i.__kernel_sin)
    __mathlib_dbl_infnan                     0x08006189   Thumb Code    20  dunder.o(i.__mathlib_dbl_infnan)
    __mathlib_dbl_infnan2                    0x0800619d   Thumb Code    20  dunder.o(i.__mathlib_dbl_infnan2)
    __mathlib_dbl_invalid                    0x080061b1   Thumb Code    24  dunder.o(i.__mathlib_dbl_invalid)
    __mathlib_dbl_underflow                  0x080061d1   Thumb Code    24  dunder.o(i.__mathlib_dbl_underflow)
    _sys_exit                                0x080061f1   Thumb Code     6  usart.o(i._sys_exit)
    atan                                     0x080061f7   Thumb Code    16  atan.o(i.atan)
    delay_init                               0x08006207   Thumb Code     8  delay.o(i.delay_init)
    delay_ms                                 0x0800620f   Thumb Code    24  delay.o(i.delay_ms)
    delay_us                                 0x08006227   Thumb Code    24  delay.o(i.delay_us)
    fabs                                     0x0800623f   Thumb Code    24  fabs.o(i.fabs)
    hight_init                               0x08006257   Thumb Code     8  hight.o(i.hight_init)
    init_paramLoad                           0x08006261   Thumb Code   142  main.o(i.init_paramLoad)
    invSqrt                                  0x08006305   Thumb Code    56  imu.o(i.invSqrt)
    led_error_check                          0x08006341   Thumb Code    14  led.o(i.led_error_check)
    led_init                                 0x08006359   Thumb Code    88  led.o(i.led_init)
    main                                     0x080063b9   Thumb Code    68  main.o(i.main)
    mode_contrl                              0x08006401   Thumb Code    96  rc.o(i.mode_contrl)
    sand_ACC_GYRO_data                       0x080064f9   Thumb Code   342  sand_data.o(i.sand_ACC_GYRO_data)
    sand_F1_origin                           0x08006665   Thumb Code   640  sand_data.o(i.sand_F1_origin)
    sand_F2_origin                           0x080068fd   Thumb Code   556  sand_data.o(i.sand_F2_origin)
    sand_IMU_data                            0x08006b39   Thumb Code   282  sand_data.o(i.sand_IMU_data)
    sand_Motor_data                          0x08006c6d   Thumb Code   166  sand_data.o(i.sand_Motor_data)
    sand_PID_3_data                          0x08006d1d   Thumb Code   226  sand_data.o(i.sand_PID_3_data)
    sand_PID_core_data                       0x08006e0d   Thumb Code   458  sand_data.o(i.sand_PID_core_data)
    sand_PID_shell_data                      0x08006fe5   Thumb Code   480  sand_data.o(i.sand_PID_shell_data)
    sand_RC_data                             0x080071d1   Thumb Code   246  sand_data.o(i.sand_RC_data)
    sqrt                                     0x080072d5   Thumb Code   110  sqrt.o(i.sqrt)
    tim5_init                                0x08007345   Thumb Code    84  timer3.o(i.tim5_init)
    uart_init                                0x0800739d   Thumb Code   166  usart.o(i.uart_init)
    __aeabi_dneg                             0x0800744d   Thumb Code     0  basic.o(x$fpl$basic)
    _dneg                                    0x0800744d   Thumb Code     6  basic.o(x$fpl$basic)
    __aeabi_fneg                             0x08007453   Thumb Code     0  basic.o(x$fpl$basic)
    _fneg                                    0x08007453   Thumb Code     6  basic.o(x$fpl$basic)
    _dabs                                    0x08007459   Thumb Code     6  basic.o(x$fpl$basic)
    _fabs                                    0x0800745f   Thumb Code     6  basic.o(x$fpl$basic)
    __aeabi_d2f                              0x08007465   Thumb Code     0  d2f.o(x$fpl$d2f)
    _d2f                                     0x08007465   Thumb Code    98  d2f.o(x$fpl$d2f)
    __aeabi_dadd                             0x080074c9   Thumb Code     0  daddsub_clz.o(x$fpl$dadd)
    _dadd                                    0x080074c9   Thumb Code   332  daddsub_clz.o(x$fpl$dadd)
    __aeabi_ddiv                             0x08007619   Thumb Code     0  ddiv.o(x$fpl$ddiv)
    _ddiv                                    0x08007619   Thumb Code   552  ddiv.o(x$fpl$ddiv)
    __aeabi_d2iz                             0x080078c9   Thumb Code     0  dfix.o(x$fpl$dfix)
    _dfix                                    0x080078c9   Thumb Code    94  dfix.o(x$fpl$dfix)
    __aeabi_d2uiz                            0x08007929   Thumb Code     0  dfixu.o(x$fpl$dfixu)
    _dfixu                                   0x08007929   Thumb Code    90  dfixu.o(x$fpl$dfixu)
    __aeabi_i2d                              0x08007983   Thumb Code     0  dflt_clz.o(x$fpl$dflt)
    _dflt                                    0x08007983   Thumb Code    46  dflt_clz.o(x$fpl$dflt)
    __aeabi_ui2d                             0x080079b1   Thumb Code     0  dflt_clz.o(x$fpl$dfltu)
    _dfltu                                   0x080079b1   Thumb Code    38  dflt_clz.o(x$fpl$dfltu)
    __aeabi_dmul                             0x080079d9   Thumb Code     0  dmul.o(x$fpl$dmul)
    _dmul                                    0x080079d9   Thumb Code   332  dmul.o(x$fpl$dmul)
    __fpl_dnaninf                            0x08007b2d   Thumb Code   156  dnaninf.o(x$fpl$dnaninf)
    __fpl_dretinf                            0x08007bc9   Thumb Code    12  dretinf.o(x$fpl$dretinf)
    __aeabi_drsub                            0x08007bd5   Thumb Code     0  daddsub_clz.o(x$fpl$drsb)
    _drsb                                    0x08007bd5   Thumb Code    22  daddsub_clz.o(x$fpl$drsb)
    _dsqrt                                   0x08007bed   Thumb Code   404  dsqrt_umaal.o(x$fpl$dsqrt)
    __aeabi_dsub                             0x08007d85   Thumb Code     0  daddsub_clz.o(x$fpl$dsub)
    _dsub                                    0x08007d85   Thumb Code   464  daddsub_clz.o(x$fpl$dsub)
    __aeabi_f2d                              0x08007f59   Thumb Code     0  f2d.o(x$fpl$f2d)
    _f2d                                     0x08007f59   Thumb Code    86  f2d.o(x$fpl$f2d)
    __fpl_fnaninf                            0x08007faf   Thumb Code   140  fnaninf.o(x$fpl$fnaninf)
    _fp_init                                 0x0800803b   Thumb Code    10  fpinit.o(x$fpl$fpinit)
    __fplib_config_fpu_vfp                   0x08008043   Thumb Code     0  fpinit.o(x$fpl$fpinit)
    __fplib_config_pureend_doubles           0x08008043   Thumb Code     0  fpinit.o(x$fpl$fpinit)
    __fpl_fretinf                            0x08008045   Thumb Code    10  fretinf.o(x$fpl$fretinf)
    __I$use$fp                               0x0800804e   Number         0  usenofp.o(x$fpl$usenofp)
    __mathlib_zero                           0x08008168   Data           8  qnan.o(.constdata)
    Region$$Table$$Base                      0x08008260   Number         0  anon$$obj.o(Region$$Table)
    Region$$Table$$Limit                     0x08008280   Number         0  anon$$obj.o(Region$$Table)
    sysTickUptime                            0x20000010   Data           4  delay.o(.data)
    TxCounter                                0x20000014   Data           1  usart.o(.data)
    count                                    0x20000015   Data           1  usart.o(.data)
    __stdout                                 0x20000018   Data           4  usart.o(.data)
    USART_RX_STA                             0x2000001c   Data           2  usart.o(.data)
    Lenth_buff                               0x2000001e   Data           2  usart.o(.data)
    lenth_ori                                0x20000020   Data           4  usart.o(.data)
    Yaw_offest                               0x20000028   Data           4  main.o(.data)
    error_check                              0x2000002c   Data           1  main.o(.data)
    mode                                     0x2000002d   Data           1  main.o(.data)
    SYS_Time                                 0x20000030   Data           4  main.o(.data)
    Magn_x                                   0x20000034   Data           4  hmc5883l.o(.data)
    Magn_y                                   0x20000038   Data           4  hmc5883l.o(.data)
    Magn_z                                   0x2000003c   Data           4  hmc5883l.o(.data)
    Magn_Ori_x                               0x20000040   Data           4  hmc5883l.o(.data)
    Magn_Ori_y                               0x20000044   Data           4  hmc5883l.o(.data)
    Magn_Ori_z                               0x20000048   Data           4  hmc5883l.o(.data)
    Mag_CALIBRATED                           0x2000004c   Data           1  hmc5883l.o(.data)
    HMC5883L_buffer                          0x2000004d   Data           8  hmc5883l.o(.data)
    HMC5883_lastx                            0x20000058   Data           4  hmc5883l.o(.data)
    HMC5883_lasty                            0x2000005c   Data           4  hmc5883l.o(.data)
    HMC5883_lastz                            0x20000060   Data           4  hmc5883l.o(.data)
    HMC5883_maxx                             0x20000064   Data           2  hmc5883l.o(.data)
    HMC5883_maxy                             0x20000066   Data           2  hmc5883l.o(.data)
    HMC5883_maxz                             0x20000068   Data           2  hmc5883l.o(.data)
    HMC5883_minx                             0x2000006a   Data           2  hmc5883l.o(.data)
    HMC5883_miny                             0x2000006c   Data           2  hmc5883l.o(.data)
    HMC5883_minz                             0x2000006e   Data           2  hmc5883l.o(.data)
    offset_mx                                0x20000070   Data           2  hmc5883l.o(.data)
    offset_my                                0x20000072   Data           2  hmc5883l.o(.data)
    offset_mz                                0x20000074   Data           2  hmc5883l.o(.data)
    temp_mx_scale                            0x20000076   Data           2  hmc5883l.o(.data)
    temp_my_scale                            0x20000078   Data           2  hmc5883l.o(.data)
    temp_mz_scale                            0x2000007a   Data           2  hmc5883l.o(.data)
    mx_scale                                 0x2000007c   Data           4  hmc5883l.o(.data)
    my_scale                                 0x20000080   Data           4  hmc5883l.o(.data)
    mz_scale                                 0x20000084   Data           4  hmc5883l.o(.data)
    HMC5883_calib                            0x20000088   Data           1  hmc5883l.o(.data)
    HMC5883_cnt                              0x20000089   Data           1  hmc5883l.o(.data)
    Gyro_x                                   0x20000090   Data           2  mpu6050.o(.data)
    b_IIR                                    0x20000098   Data          40  mpu6050.o(.data)
    a_IIR                                    0x200000c0   Data          40  mpu6050.o(.data)
    TIM5_time                                0x20000134   Data           4  timer3.o(.data)
    TIM5_last_time                           0x20000138   Data           4  timer3.o(.data)
    times                                    0x2000013c   Data           1  timer3.o(.data)
    times1                                   0x2000013d   Data           1  timer3.o(.data)
    Hight_time                               0x2000013e   Data           1  timer3.o(.data)
    g_Set_Hight                              0x20000140   Data           4  timer3.o(.data)
    q0                                       0x20000148   Data           4  imu.o(.data)
    q1                                       0x2000014c   Data           4  imu.o(.data)
    q2                                       0x20000150   Data           4  imu.o(.data)
    q3                                       0x20000154   Data           4  imu.o(.data)
    exInt                                    0x20000158   Data           4  imu.o(.data)
    eyInt                                    0x2000015c   Data           4  imu.o(.data)
    ezInt                                    0x20000160   Data           4  imu.o(.data)
    ARMED                                    0x20000164   Data           1  control.o(.data)
    Moto_duty                                0x20000166   Data           8  control.o(.data)
    Yawtemp2                                 0x20000170   Data           4  control.o(.data)
    Yaw_offest_tem                           0x20000174   Data           4  control.o(.data)
    date_THROTTLE                            0x20000178   Data           4  control.o(.data)
    roll_old                                 0x2000017c   Data           4  control.o(.data)
    pitch_old                                0x20000180   Data           4  control.o(.data)
    flash_save_en_cnt                        0x200001ba   Data           2  sand_data.o(.data)
    Cal_C                                    0x200001c0   Data          14  ms5611.o(.bss)
    X_BUFF                                   0x200001ce   Data          20  hmc5883l.o(.bss)
    Y_BUFF                                   0x200001e2   Data          20  hmc5883l.o(.bss)
    Z_BUFF                                   0x200001f6   Data          20  hmc5883l.o(.bss)
    mpu6050_buffer                           0x20000210   Data          15  mpu6050.o(.bss)
    sensor                                   0x20000220   Data         152  mpu6050.o(.bss)
    InPut_IIR                                0x200002b8   Data         120  mpu6050.o(.bss)
    OutPut_IIR                               0x20000330   Data         120  mpu6050.o(.bss)
    angle                                    0x20000498   Data          12  imu.o(.bss)
    ctrl                                     0x200004a4   Data         436  control.o(.bss)
    Rc_Pwm_In                                0x20000658   Data          16  rc.o(.bss)
    Rc_Data                                  0x20000668   Data          22  rc.o(.bss)
    RC_Pwm_In_his                            0x2000067e   Data          10  rc.o(.bss)
    RX_CH                                    0x200006a8   Data          16  sand_data.o(.bss)
    Hight                                    0x200006ec   Data          12  hight.o(.bss)
    __libspace_start                         0x20000704   Data          96  libspace.o(.bss)
    __temporary_stack_top$libspace           0x20000764   Data           0  libspace.o(.bss)



==============================================================================

Memory Map of the image

  Image Entry point : 0x08000189

  Load Region LR_IROM1 (Base: 0x08000000, Size: 0x00008440, Max: 0x00100000, ABSOLUTE, COMPRESSED[0x000082c8])

    Execution Region ER_IROM1 (Base: 0x08000000, Size: 0x00008280, Max: 0x00100000, ABSOLUTE)

    Base Addr    Size         Type   Attr      Idx    E Section Name        Object

    0x08000000   0x00000188   Data   RO            3    RESET               startup_stm32f40_41xxx.o
    0x08000188   0x00000008   Code   RO         4169  * !!!main             c_w.l(__main.o)
    0x08000190   0x00000034   Code   RO         4482    !!!scatter          c_w.l(__scatter.o)
    0x080001c4   0x0000005a   Code   RO         4480    !!dczerorl2         c_w.l(__dczerorl2.o)
    0x0800021e   0x00000002   PAD
    0x08000220   0x0000001c   Code   RO         4484    !!handler_zi        c_w.l(__scatter_zi.o)
    0x0800023c   0x00000002   Code   RO         4358    .ARM.Collect$$libinit$$00000000  c_w.l(libinit.o)
    0x0800023e   0x00000004   Code   RO         4361    .ARM.Collect$$libinit$$00000001  c_w.l(libinit2.o)
    0x08000242   0x00000000   Code   RO         4364    .ARM.Collect$$libinit$$00000004  c_w.l(libinit2.o)
    0x08000242   0x00000000   Code   RO         4367    .ARM.Collect$$libinit$$0000000A  c_w.l(libinit2.o)
    0x08000242   0x00000000   Code   RO         4369    .ARM.Collect$$libinit$$0000000C  c_w.l(libinit2.o)
    0x08000242   0x00000000   Code   RO         4371    .ARM.Collect$$libinit$$0000000E  c_w.l(libinit2.o)
    0x08000242   0x00000000   Code   RO         4374    .ARM.Collect$$libinit$$00000011  c_w.l(libinit2.o)
    0x08000242   0x00000000   Code   RO         4376    .ARM.Collect$$libinit$$00000013  c_w.l(libinit2.o)
    0x08000242   0x00000000   Code   RO         4378    .ARM.Collect$$libinit$$00000015  c_w.l(libinit2.o)
    0x08000242   0x00000000   Code   RO         4380    .ARM.Collect$$libinit$$00000017  c_w.l(libinit2.o)
    0x08000242   0x00000000   Code   RO         4382    .ARM.Collect$$libinit$$00000019  c_w.l(libinit2.o)
    0x08000242   0x00000000   Code   RO         4384    .ARM.Collect$$libinit$$0000001B  c_w.l(libinit2.o)
    0x08000242   0x00000000   Code   RO         4386    .ARM.Collect$$libinit$$0000001D  c_w.l(libinit2.o)
    0x08000242   0x00000000   Code   RO         4388    .ARM.Collect$$libinit$$0000001F  c_w.l(libinit2.o)
    0x08000242   0x00000000   Code   RO         4390    .ARM.Collect$$libinit$$00000021  c_w.l(libinit2.o)
    0x08000242   0x00000000   Code   RO         4392    .ARM.Collect$$libinit$$00000023  c_w.l(libinit2.o)
    0x08000242   0x00000000   Code   RO         4394    .ARM.Collect$$libinit$$00000025  c_w.l(libinit2.o)
    0x08000242   0x00000000   Code   RO         4398    .ARM.Collect$$libinit$$0000002C  c_w.l(libinit2.o)
    0x08000242   0x00000000   Code   RO         4400    .ARM.Collect$$libinit$$0000002E  c_w.l(libinit2.o)
    0x08000242   0x00000000   Code   RO         4402    .ARM.Collect$$libinit$$00000030  c_w.l(libinit2.o)
    0x08000242   0x00000000   Code   RO         4404    .ARM.Collect$$libinit$$00000032  c_w.l(libinit2.o)
    0x08000242   0x00000002   Code   RO         4405    .ARM.Collect$$libinit$$00000033  c_w.l(libinit2.o)
    0x08000244   0x00000002   Code   RO         4423    .ARM.Collect$$libshutdown$$00000000  c_w.l(libshutdown.o)
    0x08000246   0x00000000   Code   RO         4434    .ARM.Collect$$libshutdown$$00000003  c_w.l(libshutdown2.o)
    0x08000246   0x00000000   Code   RO         4437    .ARM.Collect$$libshutdown$$00000006  c_w.l(libshutdown2.o)
    0x08000246   0x00000000   Code   RO         4440    .ARM.Collect$$libshutdown$$00000009  c_w.l(libshutdown2.o)
    0x08000246   0x00000000   Code   RO         4442    .ARM.Collect$$libshutdown$$0000000B  c_w.l(libshutdown2.o)
    0x08000246   0x00000000   Code   RO         4445    .ARM.Collect$$libshutdown$$0000000E  c_w.l(libshutdown2.o)
    0x08000246   0x00000002   Code   RO         4446    .ARM.Collect$$libshutdown$$0000000F  c_w.l(libshutdown2.o)
    0x08000248   0x00000000   Code   RO         4253    .ARM.Collect$$rtentry$$00000000  c_w.l(__rtentry.o)
    0x08000248   0x00000000   Code   RO         4325    .ARM.Collect$$rtentry$$00000002  c_w.l(__rtentry2.o)
    0x08000248   0x00000006   Code   RO         4337    .ARM.Collect$$rtentry$$00000004  c_w.l(__rtentry4.o)
    0x0800024e   0x00000000   Code   RO         4327    .ARM.Collect$$rtentry$$00000009  c_w.l(__rtentry2.o)
    0x0800024e   0x00000004   Code   RO         4328    .ARM.Collect$$rtentry$$0000000A  c_w.l(__rtentry2.o)
    0x08000252   0x00000000   Code   RO         4330    .ARM.Collect$$rtentry$$0000000C  c_w.l(__rtentry2.o)
    0x08000252   0x00000008   Code   RO         4331    .ARM.Collect$$rtentry$$0000000D  c_w.l(__rtentry2.o)
    0x0800025a   0x00000002   Code   RO         4359    .ARM.Collect$$rtexit$$00000000  c_w.l(rtexit.o)
    0x0800025c   0x00000000   Code   RO         4407    .ARM.Collect$$rtexit$$00000002  c_w.l(rtexit2.o)
    0x0800025c   0x00000004   Code   RO         4408    .ARM.Collect$$rtexit$$00000003  c_w.l(rtexit2.o)
    0x08000260   0x00000006   Code   RO         4409    .ARM.Collect$$rtexit$$00000004  c_w.l(rtexit2.o)
    0x08000266   0x00000002   PAD
    0x08000268   0x00000040   Code   RO            4    .text               startup_stm32f40_41xxx.o
    0x080002a8   0x00000002   Code   RO         4163    .text               c_w.l(use_no_semi_2.o)
    0x080002aa   0x0000004e   Code   RO         4165    .text               c_w.l(rt_memclr_w.o)
    0x080002f8   0x00000006   Code   RO         4167    .text               c_w.l(heapauxi.o)
    0x080002fe   0x00000002   Code   RO         4251    .text               c_w.l(use_no_semi.o)
    0x08000300   0x00000016   Code   RO         4254    .text               c_w.l(_rserrno.o)
    0x08000316   0x00000002   PAD
    0x08000318   0x00000008   Code   RO         4342    .text               c_w.l(rt_errno_addr_intlibspace.o)
    0x08000320   0x00000008   Code   RO         4346    .text               c_w.l(libspace.o)
    0x08000328   0x0000004a   Code   RO         4349    .text               c_w.l(sys_stackheap_outer.o)
    0x08000372   0x0000000c   Code   RO         4351    .text               c_w.l(exit.o)
    0x0800037e   0x0000002c   Code   RO         3543    i.AT24CXX_ReadLenByte  24cxx.o
    0x080003aa   0x0000005a   Code   RO         3544    i.AT24CXX_ReadOneByte  24cxx.o
    0x08000404   0x0000002a   Code   RO         3547    i.AT24CXX_WriteLenByte  24cxx.o
    0x0800042e   0x00000050   Code   RO         3548    i.AT24CXX_WriteOneByte  24cxx.o
    0x0800047e   0x00000002   PAD
    0x08000480   0x00000048   Code   RO         3550    i.AT24cxx_read_5883_offest  24cxx.o
    0x080004c8   0x00000060   Code   RO         3551    i.AT24cxx_read_Acc_Gyro_offest  24cxx.o
    0x08000528   0x0000013c   Code   RO         3552    i.AT24cxx_read_PID_core  24cxx.o
    0x08000664   0x00000078   Code   RO         3553    i.AT24cxx_read_PID_hight  24cxx.o
    0x080006dc   0x00000134   Code   RO         3554    i.AT24cxx_read_PID_shell  24cxx.o
    0x08000810   0x000000a8   Code   RO         3555    i.AT24cxx_save_5883_offest  24cxx.o
    0x080008b8   0x00000158   Code   RO         3556    i.AT24cxx_save_Acc_Gyro_offest  24cxx.o
    0x08000a10   0x00000140   Code   RO         3557    i.AT24cxx_save_PID_core  24cxx.o
    0x08000b50   0x00000074   Code   RO         3558    i.AT24cxx_save_PID_hight  24cxx.o
    0x08000bc4   0x00000140   Code   RO         3559    i.AT24cxx_save_PID_shell  24cxx.o
    0x08000d04   0x00000004   Code   RO         3102    i.BusFault_Handler  stm32f4xx_it.o
    0x08000d08   0x000006fc   Code   RO         3872    i.CONTROL           control.o
    0x08001404   0x00000514   Code   RO         4015    i.Data_Receive_Anl  sand_data.o
    0x08001918   0x000000e8   Code   RO         4016    i.Data_Receive_Prepare  sand_data.o
    0x08001a00   0x000000ec   Code   RO         3914    i.Deblocking        rc.o
    0x08001aec   0x00000002   Code   RO         3103    i.DebugMon_Handler  stm32f4xx_it.o
    0x08001aee   0x00000090   Code   RO          996    i.GPIO_Init         stm32f4xx_gpio.o
    0x08001b7e   0x00000046   Code   RO          997    i.GPIO_PinAFConfig  stm32f4xx_gpio.o
    0x08001bc4   0x00000012   Code   RO         1000    i.GPIO_ReadInputDataBit  stm32f4xx_gpio.o
    0x08001bd6   0x00000004   Code   RO         1003    i.GPIO_ResetBits    stm32f4xx_gpio.o
    0x08001bda   0x00000004   Code   RO         1004    i.GPIO_SetBits      stm32f4xx_gpio.o
    0x08001bde   0x00000002   PAD
    0x08001be0   0x00000034   Code   RO         2815    i.GetSysTime_us     delay.o
    0x08001c14   0x000000a8   Code   RO         3724    i.Get_Attitude      imu.o
    0x08001cbc   0x000000f4   Code   RO         3418    i.HMC5883L_Save_Calib  hmc5883l.o
    0x08001db0   0x00000184   Code   RO         3419    i.HMC5883L_Start_Calib  hmc5883l.o
    0x08001f34   0x00000004   Code   RO         3104    i.HardFault_Handler  stm32f4xx_it.o
    0x08001f38   0x0000003c   Code   RO         3263    i.IIC_ADD_read      iic.o
    0x08001f74   0x00000036   Code   RO         3264    i.IIC_ADD_write     iic.o
    0x08001faa   0x0000002c   Code   RO         3265    i.IIC_ADD_writelen_BYTE  iic.o
    0x08001fd6   0x00000002   PAD
    0x08001fd8   0x00000054   Code   RO         3266    i.IIC_Ack           iic.o
    0x0800202c   0x00000048   Code   RO         3267    i.IIC_Init          iic.o
    0x08002074   0x00000054   Code   RO         3268    i.IIC_NAck          iic.o
    0x080020c8   0x00000060   Code   RO         3270    i.IIC_Read_Byte     iic.o
    0x08002128   0x00000030   Code   RO         3271    i.IIC_Read_MultiBytes  iic.o
    0x08002158   0x00000078   Code   RO         3272    i.IIC_Send_Byte     iic.o
    0x080021d0   0x0000004c   Code   RO         3273    i.IIC_Start         iic.o
    0x0800221c   0x00000050   Code   RO         3274    i.IIC_Stop          iic.o
    0x0800226c   0x00000064   Code   RO         3275    i.IIC_Wait_Ack      iic.o
    0x080022d0   0x000007f8   Code   RO         3725    i.IMUupdate         imu.o
    0x08002ac8   0x00000046   Code   RO         3420    i.Init_HMC5883L     hmc5883l.o
    0x08002b0e   0x00000002   PAD
    0x08002b10   0x00000100   Code   RO         3468    i.KalmanFilter_x    mpu6050.o
    0x08002c10   0x00000100   Code   RO         3469    i.KalmanFilter_y    mpu6050.o
    0x08002d10   0x00000100   Code   RO         3470    i.KalmanFilter_z    mpu6050.o
    0x08002e10   0x00000016   Code   RO         3834    i.LPF_1st           algorithm_filter.o
    0x08002e26   0x00000002   PAD
    0x08002e28   0x000000c8   Code   RO         3471    i.MPU_Acc_Offset    mpu6050.o
    0x08002ef0   0x000000cc   Code   RO         3472    i.MPU_Gyro_Offset   mpu6050.o
    0x08002fbc   0x00000068   Code   RO         3473    i.MPU_Init          mpu6050.o
    0x08003024   0x000000b0   Code   RO         3474    i.MPU_Read          mpu6050.o
    0x080030d4   0x000001a8   Code   RO         3475    i.MPU_Updata        mpu6050.o
    0x0800327c   0x00000018   Code   RO         3358    i.MS561101BA_Init   ms5611.o
    0x08003294   0x00000026   Code   RO         3359    i.MS561101BA_Reset  ms5611.o
    0x080032ba   0x00000002   PAD
    0x080032bc   0x00000074   Code   RO         3360    i.MS561101BA_readPROM  ms5611.o
    0x08003330   0x00000004   Code   RO         3105    i.MemManage_Handler  stm32f4xx_it.o
    0x08003334   0x00000074   Code   RO         3983    i.Moto_Init         motor.o
    0x080033a8   0x00000048   Code   RO         3984    i.Moto_PwmRflash    motor.o
    0x080033f0   0x00000168   Code   RO         3421    i.Multiple_Read_HMC5883L  hmc5883l.o
    0x08003558   0x00000002   Code   RO         3106    i.NMI_Handler       stm32f4xx_it.o
    0x0800355a   0x00000002   PAD
    0x0800355c   0x00000078   Code   RO           12    i.NVIC_Init         misc.o
    0x080035d4   0x00000014   Code   RO           13    i.NVIC_PriorityGroupConfig  misc.o
    0x080035e8   0x000002d4   Code   RO         3915    i.PWM_IN_Init       rc.o
    0x080038bc   0x00000002   Code   RO         3107    i.PendSV_Handler    stm32f4xx_it.o
    0x080038be   0x00000002   PAD
    0x080038c0   0x000001cc   Code   RO         3476    i.Prepare_Data      mpu6050.o
    0x08003a8c   0x00000020   Code   RO         1317    i.RCC_AHB1PeriphClockCmd  stm32f4xx_rcc.o
    0x08003aac   0x00000020   Code   RO         1326    i.RCC_APB1PeriphClockCmd  stm32f4xx_rcc.o
    0x08003acc   0x00000020   Code   RO         1329    i.RCC_APB2PeriphClockCmd  stm32f4xx_rcc.o
    0x08003aec   0x000000e8   Code   RO         1338    i.RCC_GetClocksFreq  stm32f4xx_rcc.o
    0x08003bd4   0x00000148   Code   RO         3916    i.RC_Data_Refine    rc.o
    0x08003d1c   0x0000002c   Code   RO         3917    i.Rc_AUX            rc.o
    0x08003d48   0x00000002   Code   RO         3108    i.SVC_Handler       stm32f4xx_it.o
    0x08003d4a   0x00000002   PAD
    0x08003d4c   0x00000078   Code   RO         4017    i.Send_Check        sand_data.o
    0x08003dc4   0x000000ec   Code   RO         3200    i.SetSysClock       system_stm32f4xx.o
    0x08003eb0   0x00000028   Code   RO           16    i.SysTick_CLKSourceConfig  misc.o
    0x08003ed8   0x0000006c   Code   RO         2817    i.SysTick_Configuration  delay.o
    0x08003f44   0x00000010   Code   RO         3109    i.SysTick_Handler   stm32f4xx_it.o
    0x08003f54   0x00000068   Code   RO         3202    i.SystemInit        system_stm32f4xx.o
    0x08003fbc   0x0000003a   Code   RO         2065    i.TI1_Config        stm32f4xx_tim.o
    0x08003ff6   0x00000050   Code   RO         2066    i.TI2_Config        stm32f4xx_tim.o
    0x08004046   0x00000048   Code   RO         2067    i.TI3_Config        stm32f4xx_tim.o
    0x0800408e   0x00000050   Code   RO         2068    i.TI4_Config        stm32f4xx_tim.o
    0x080040de   0x00000002   PAD
    0x080040e0   0x000001f8   Code   RO         3918    i.TIM3_IRQHandler   rc.o
    0x080042d8   0x000001e8   Code   RO         3919    i.TIM4_IRQHandler   rc.o
    0x080044c0   0x00000200   Code   RO         3675    i.TIM5_IRQHandler   timer3.o
    0x080046c0   0x00000060   Code   RO         3676    i.TIM6_init         timer3.o
    0x08004720   0x0000002c   Code   RO         3677    i.TIM7_IRQHandler   timer3.o
    0x0800474c   0x00000018   Code   RO         2069    i.TIM_ARRPreloadConfig  stm32f4xx_tim.o
    0x08004764   0x00000006   Code   RO         2076    i.TIM_ClearITPendingBit  stm32f4xx_tim.o
    0x0800476a   0x00000018   Code   RO         2081    i.TIM_Cmd           stm32f4xx_tim.o
    0x08004782   0x00000006   Code   RO         2096    i.TIM_GetCapture1   stm32f4xx_tim.o
    0x08004788   0x00000006   Code   RO         2097    i.TIM_GetCapture2   stm32f4xx_tim.o
    0x0800478e   0x00000006   Code   RO         2098    i.TIM_GetCapture3   stm32f4xx_tim.o
    0x08004794   0x00000006   Code   RO         2099    i.TIM_GetCapture4   stm32f4xx_tim.o
    0x0800479a   0x00000022   Code   RO         2102    i.TIM_GetITStatus   stm32f4xx_tim.o
    0x080047bc   0x0000006e   Code   RO         2104    i.TIM_ICInit        stm32f4xx_tim.o
    0x0800482a   0x00000012   Code   RO         2106    i.TIM_ITConfig      stm32f4xx_tim.o
    0x0800483c   0x0000007c   Code   RO         2110    i.TIM_OC1Init       stm32f4xx_tim.o
    0x080048b8   0x00000012   Code   RO         2112    i.TIM_OC1PolarityConfig  stm32f4xx_tim.o
    0x080048ca   0x00000012   Code   RO         2113    i.TIM_OC1PreloadConfig  stm32f4xx_tim.o
    0x080048dc   0x000000a4   Code   RO         2115    i.TIM_OC2Init       stm32f4xx_tim.o
    0x08004980   0x0000001a   Code   RO         2118    i.TIM_OC2PreloadConfig  stm32f4xx_tim.o
    0x0800499a   0x00000002   PAD
    0x0800499c   0x000000a0   Code   RO         2120    i.TIM_OC3Init       stm32f4xx_tim.o
    0x08004a3c   0x00000012   Code   RO         2123    i.TIM_OC3PreloadConfig  stm32f4xx_tim.o
    0x08004a4e   0x00000002   PAD
    0x08004a50   0x00000078   Code   RO         2125    i.TIM_OC4Init       stm32f4xx_tim.o
    0x08004ac8   0x0000001a   Code   RO         2127    i.TIM_OC4PreloadConfig  stm32f4xx_tim.o
    0x08004ae2   0x00000004   Code   RO         2147    i.TIM_SetCounter    stm32f4xx_tim.o
    0x08004ae6   0x00000012   Code   RO         2148    i.TIM_SetIC1Prescaler  stm32f4xx_tim.o
    0x08004af8   0x0000001a   Code   RO         2149    i.TIM_SetIC2Prescaler  stm32f4xx_tim.o
    0x08004b12   0x00000012   Code   RO         2150    i.TIM_SetIC3Prescaler  stm32f4xx_tim.o
    0x08004b24   0x0000001a   Code   RO         2151    i.TIM_SetIC4Prescaler  stm32f4xx_tim.o
    0x08004b3e   0x00000002   PAD
    0x08004b40   0x00000084   Code   RO         2153    i.TIM_TimeBaseInit  stm32f4xx_tim.o
    0x08004bc4   0x000000a4   Code   RO         3985    i.Tim2_init         motor.o
    0x08004c68   0x0000003c   Code   RO         2897    i.USART1_IRQHandler  usart.o
    0x08004ca4   0x000000d0   Code   RO         2900    i.USART2_IRQHandler  usart.o
    0x08004d74   0x00000020   Code   RO         2901    i.USART2_Send_Byte  usart.o
    0x08004d94   0x0000001e   Code   RO         2628    i.USART_ClearITPendingBit  stm32f4xx_usart.o
    0x08004db2   0x00000018   Code   RO         2631    i.USART_Cmd         stm32f4xx_usart.o
    0x08004dca   0x0000001a   Code   RO         2634    i.USART_GetFlagStatus  stm32f4xx_usart.o
    0x08004de4   0x00000054   Code   RO         2635    i.USART_GetITStatus  stm32f4xx_usart.o
    0x08004e38   0x0000004a   Code   RO         2637    i.USART_ITConfig    stm32f4xx_usart.o
    0x08004e82   0x00000002   PAD
    0x08004e84   0x000000d4   Code   RO         2638    i.USART_Init        stm32f4xx_usart.o
    0x08004f58   0x00000008   Code   RO         2648    i.USART_SendData    stm32f4xx_usart.o
    0x08004f60   0x00000004   Code   RO         3110    i.UsageFault_Handler  stm32f4xx_it.o
    0x08004f64   0x000000b0   Code   RO         2903    i.Usart2_init       usart.o
    0x08005014   0x00000030   Code   RO         4308    i.__ARM_fpclassify  m_wm.l(fpclassify.o)
    0x08005044   0x00000004   PAD
    0x08005048   0x00000360   Code   RO         4201    i.__hardfp_asin     m_wm.l(asin.o)
    0x080053a8   0x000002d8   Code   RO         4271    i.__hardfp_atan     m_wm.l(atan.o)
    0x08005680   0x000001f0   Code   RO         4215    i.__hardfp_atan2    m_wm.l(atan2.o)
    0x08005870   0x000000c8   Code   RO         4227    i.__hardfp_cos      m_wm.l(cos.o)
    0x08005938   0x0000007a   Code   RO         4239    i.__hardfp_sqrt     m_wm.l(sqrt.o)
    0x080059b2   0x00000006   PAD
    0x080059b8   0x00000438   Code   RO         4313    i.__ieee754_rem_pio2  m_wm.l(rred.o)
    0x08005df0   0x00000170   Code   RO         4285    i.__kernel_cos      m_wm.l(cos_i.o)
    0x08005f60   0x000000f8   Code   RO         4310    i.__kernel_poly     m_wm.l(poly.o)
    0x08006058   0x00000130   Code   RO         4318    i.__kernel_sin      m_wm.l(sin_i.o)
    0x08006188   0x00000014   Code   RO         4289    i.__mathlib_dbl_infnan  m_wm.l(dunder.o)
    0x0800619c   0x00000014   Code   RO         4290    i.__mathlib_dbl_infnan2  m_wm.l(dunder.o)
    0x080061b0   0x00000020   Code   RO         4291    i.__mathlib_dbl_invalid  m_wm.l(dunder.o)
    0x080061d0   0x00000020   Code   RO         4294    i.__mathlib_dbl_underflow  m_wm.l(dunder.o)
    0x080061f0   0x00000006   Code   RO         2904    i._sys_exit         usart.o
    0x080061f6   0x00000010   Code   RO         4273    i.atan              m_wm.l(atan.o)
    0x08006206   0x00000008   Code   RO         2818    i.delay_init        delay.o
    0x0800620e   0x00000018   Code   RO         2819    i.delay_ms          delay.o
    0x08006226   0x00000018   Code   RO         2820    i.delay_us          delay.o
    0x0800623e   0x00000018   Code   RO         4304    i.fabs              m_wm.l(fabs.o)
    0x08006256   0x00000008   Code   RO         4130    i.hight_init        hight.o
    0x0800625e   0x00000002   PAD
    0x08006260   0x000000a4   Code   RO         3056    i.init_paramLoad    main.o
    0x08006304   0x0000003c   Code   RO         3726    i.invSqrt           imu.o
    0x08006340   0x00000018   Code   RO         3237    i.led_error_check   led.o
    0x08006358   0x00000060   Code   RO         3238    i.led_init          led.o
    0x080063b8   0x00000048   Code   RO         3057    i.main              main.o
    0x08006400   0x0000006c   Code   RO         3920    i.mode_contrl       rc.o
    0x0800646c   0x0000008c   Code   RO         3422    i.read_HMC5883L     hmc5883l.o
    0x080064f8   0x0000016c   Code   RO         4019    i.sand_ACC_GYRO_data  sand_data.o
    0x08006664   0x00000298   Code   RO         4020    i.sand_F1_origin    sand_data.o
    0x080068fc   0x0000023c   Code   RO         4021    i.sand_F2_origin    sand_data.o
    0x08006b38   0x00000134   Code   RO         4022    i.sand_IMU_data     sand_data.o
    0x08006c6c   0x000000b0   Code   RO         4023    i.sand_Motor_data   sand_data.o
    0x08006d1c   0x000000f0   Code   RO         4024    i.sand_PID_3_data   sand_data.o
    0x08006e0c   0x000001d8   Code   RO         4028    i.sand_PID_core_data  sand_data.o
    0x08006fe4   0x000001ec   Code   RO         4029    i.sand_PID_shell_data  sand_data.o
    0x080071d0   0x00000104   Code   RO         4030    i.sand_RC_data      sand_data.o
    0x080072d4   0x0000006e   Code   RO         4241    i.sqrt              m_wm.l(sqrt.o)
    0x08007342   0x00000002   PAD
    0x08007344   0x00000058   Code   RO         3678    i.tim5_init         timer3.o
    0x0800739c   0x000000b0   Code   RO         2906    i.uart_init         usart.o
    0x0800744c   0x00000018   Code   RO         4256    x$fpl$basic         fz_wm.l(basic.o)
    0x08007464   0x00000062   Code   RO         4171    x$fpl$d2f           fz_wm.l(d2f.o)
    0x080074c6   0x00000002   PAD
    0x080074c8   0x00000150   Code   RO         4173    x$fpl$dadd          fz_wm.l(daddsub_clz.o)
    0x08007618   0x000002b0   Code   RO         4180    x$fpl$ddiv          fz_wm.l(ddiv.o)
    0x080078c8   0x0000005e   Code   RO         4183    x$fpl$dfix          fz_wm.l(dfix.o)
    0x08007926   0x00000002   PAD
    0x08007928   0x0000005a   Code   RO         4187    x$fpl$dfixu         fz_wm.l(dfixu.o)
    0x08007982   0x0000002e   Code   RO         4192    x$fpl$dflt          fz_wm.l(dflt_clz.o)
    0x080079b0   0x00000026   Code   RO         4191    x$fpl$dfltu         fz_wm.l(dflt_clz.o)
    0x080079d6   0x00000002   PAD
    0x080079d8   0x00000154   Code   RO         4197    x$fpl$dmul          fz_wm.l(dmul.o)
    0x08007b2c   0x0000009c   Code   RO         4260    x$fpl$dnaninf       fz_wm.l(dnaninf.o)
    0x08007bc8   0x0000000c   Code   RO         4262    x$fpl$dretinf       fz_wm.l(dretinf.o)
    0x08007bd4   0x00000016   Code   RO         4174    x$fpl$drsb          fz_wm.l(daddsub_clz.o)
    0x08007bea   0x00000002   PAD
    0x08007bec   0x00000198   Code   RO         4264    x$fpl$dsqrt         fz_wm.l(dsqrt_umaal.o)
    0x08007d84   0x000001d4   Code   RO         4175    x$fpl$dsub          fz_wm.l(daddsub_clz.o)
    0x08007f58   0x00000056   Code   RO         4199    x$fpl$f2d           fz_wm.l(f2d.o)
    0x08007fae   0x0000008c   Code   RO         4266    x$fpl$fnaninf       fz_wm.l(fnaninf.o)
    0x0800803a   0x0000000a   Code   RO         4415    x$fpl$fpinit        fz_wm.l(fpinit.o)
    0x08008044   0x0000000a   Code   RO         4268    x$fpl$fretinf       fz_wm.l(fretinf.o)
    0x0800804e   0x00000000   Code   RO         4270    x$fpl$usenofp       fz_wm.l(usenofp.o)
    0x0800804e   0x00000002   PAD
    0x08008050   0x00000050   Data   RO         4204    .constdata          m_wm.l(asin.o)
    0x080080a0   0x00000098   Data   RO         4274    .constdata          m_wm.l(atan.o)
    0x08008138   0x00000030   Data   RO         4286    .constdata          m_wm.l(cos_i.o)
    0x08008168   0x00000008   Data   RO         4312    .constdata          m_wm.l(qnan.o)
    0x08008170   0x000000c8   Data   RO         4315    .constdata          m_wm.l(rred.o)
    0x08008238   0x00000028   Data   RO         4319    .constdata          m_wm.l(sin_i.o)
    0x08008260   0x00000020   Data   RO         4478    Region$$Table       anon$$obj.o


    Execution Region RW_IRAM1 (Base: 0x20000000, Size: 0x00000d68, Max: 0x00020000, ABSOLUTE, COMPRESSED[0x00000048])

    Base Addr    Size         Type   Attr      Idx    E Section Name        Object

    0x20000000   0x00000010   Data   RW         1370    .data               stm32f4xx_rcc.o
    0x20000010   0x00000004   Data   RW         2822    .data               delay.o
    0x20000014   0x00000011   Data   RW         2908    .data               usart.o
    0x20000025   0x00000003   PAD
    0x20000028   0x0000000c   Data   RW         3058    .data               main.o
    0x20000034   0x00000057   Data   RW         3424    .data               hmc5883l.o
    0x2000008b   0x00000005   PAD
    0x20000090   0x000000a4   Data   RW         3478    .data               mpu6050.o
    0x20000134   0x00000014   Data   RW         3679    .data               timer3.o
    0x20000148   0x0000001c   Data   RW         3728    .data               imu.o
    0x20000164   0x00000028   Data   RW         3876    .data               control.o
    0x2000018c   0x0000002e   Data   RW         3922    .data               rc.o
    0x200001ba   0x00000005   Data   RW         4032    .data               sand_data.o
    0x200001bf   0x00000001   PAD
    0x200001c0   0x0000000e   Zero   RW         3362    .bss                ms5611.o
    0x200001ce   0x0000003c   Zero   RW         3423    .bss                hmc5883l.o
    0x2000020a   0x00000006   PAD
    0x20000210   0x00000288   Zero   RW         3477    .bss                mpu6050.o
    0x20000498   0x0000000c   Zero   RW         3727    .bss                imu.o
    0x200004a4   0x000001b4   Zero   RW         3875    .bss                control.o
    0x20000658   0x00000050   Zero   RW         3921    .bss                rc.o
    0x200006a8   0x00000042   Zero   RW         4031    .bss                sand_data.o
    0x200006ea   0x00000002   PAD
    0x200006ec   0x00000018   Zero   RW         4131    .bss                hight.o
    0x20000704   0x00000060   Zero   RW         4347    .bss                c_w.l(libspace.o)
    0x20000764   0x00000004   PAD
    0x20000768   0x00000200   Zero   RW            2    HEAP                startup_stm32f40_41xxx.o
    0x20000968   0x00000400   Zero   RW            1    STACK               startup_stm32f40_41xxx.o


==============================================================================

Image component sizes


      Code (inc. data)   RO Data    RW Data    ZI Data      Debug   Object Name

      2436        116          0          0          0       8834   24cxx.o
        22          0          0          0          0        686   algorithm_filter.o
      1788         64          0         40        436       2442   control.o
       216         14          0          4          0      29982   delay.o
         8          0          0          0         24       1863   hight.o
      1202        246          0         87         60       4859   hmc5883l.o
       918         96          0          0          0       7091   iic.o
      2268        100          0         28         12       3523   imu.o
       120         18          0          0          0        993   led.o
       236         26          0         12          0       1771   main.o
       180         24          0          0          0     283697   misc.o
       352          4          0          0          0       1909   motor.o
      2336        154          0        164        648      10025   mpu6050.o
       178          6          0          0         14       2609   ms5611.o
      2432        186          0         46         80       6085   rc.o
      5200        200          0          5         66      10268   sand_data.o
        64         26        392          0       1536        868   startup_stm32f40_41xxx.o
       240          0          0          0          0       3527   stm32f4xx_gpio.o
        40          4          0          0          0       4122   stm32f4xx_it.o
       328         36          0         16          0       4655   stm32f4xx_rcc.o
      1428         66          0          0          0      18851   stm32f4xx_tim.o
       458          8          0          0          0       5547   stm32f4xx_usart.o
       340         32          0          0          0       1489   system_stm32f4xx.o
       740         80          0         20          0       2987   timer3.o
       658         50          0         17          0       6481   usart.o

    ----------------------------------------------------------------------
     24218       1556        424        448       2884     425164   Object Totals
         0          0         32          0          0          0   (incl. Generated)
        30          0          0          9          8          0   (incl. Padding)

    ----------------------------------------------------------------------

      Code (inc. data)   RO Data    RW Data    ZI Data      Debug   Library Member Name

        90          0          0          0          0          0   __dczerorl2.o
         8          0          0          0          0         68   __main.o
         0          0          0          0          0          0   __rtentry.o
        12          0          0          0          0          0   __rtentry2.o
         6          0          0          0          0          0   __rtentry4.o
        52          8          0          0          0          0   __scatter.o
        28          0          0          0          0          0   __scatter_zi.o
        22          0          0          0          0        100   _rserrno.o
        12          0          0          0          0         72   exit.o
         6          0          0          0          0        152   heapauxi.o
         2          0          0          0          0          0   libinit.o
         6          0          0          0          0          0   libinit2.o
         2          0          0          0          0          0   libshutdown.o
         2          0          0          0          0          0   libshutdown2.o
         8          4          0          0         96         68   libspace.o
         8          4          0          0          0         68   rt_errno_addr_intlibspace.o
        78          0          0          0          0         80   rt_memclr_w.o
         2          0          0          0          0          0   rtexit.o
        10          0          0          0          0          0   rtexit2.o
        74          0          0          0          0         80   sys_stackheap_outer.o
         2          0          0          0          0         68   use_no_semi.o
         2          0          0          0          0         68   use_no_semi_2.o
        24          0          0          0          0        164   basic.o
        98          4          0          0          0        140   d2f.o
       826         16          0          0          0        492   daddsub_clz.o
       688        140          0          0          0        256   ddiv.o
        94          4          0          0          0        140   dfix.o
        90          4          0          0          0        140   dfixu.o
        84          0          0          0          0        232   dflt_clz.o
       340         12          0          0          0        152   dmul.o
       156          4          0          0          0        140   dnaninf.o
        12          0          0          0          0        116   dretinf.o
       408         56          0          0          0        168   dsqrt_umaal.o
        86          4          0          0          0        132   f2d.o
       140          4          0          0          0        132   fnaninf.o
        10          0          0          0          0        116   fpinit.o
        10          0          0          0          0        116   fretinf.o
         0          0          0          0          0          0   usenofp.o
       864         94         80          0          0        280   asin.o
       744        106        152          0          0        352   atan.o
       496         64          0          0          0        192   atan2.o
       200         20          0          0          0        164   cos.o
       368         46         48          0          0        200   cos_i.o
       104         16          0          0          0        496   dunder.o
        24          0          0          0          0        124   fabs.o
        48          0          0          0          0        124   fpclassify.o
       248          0          0          0          0        152   poly.o
         0          0          8          0          0          0   qnan.o
      1080        142        200          0          0        188   rred.o
       304         24         40          0          0        208   sin_i.o
       232          0          0          0          0        296   sqrt.o

    ----------------------------------------------------------------------
      8238        776        528          0        100       6236   Library Totals
        28          0          0          0          4          0   (incl. Padding)

    ----------------------------------------------------------------------

      Code (inc. data)   RO Data    RW Data    ZI Data      Debug   Library Name

       432         16          0          0         96        824   c_w.l
      3066        248          0          0          0       2636   fz_wm.l
      4712        512        528          0          0       2776   m_wm.l

    ----------------------------------------------------------------------
      8238        776        528          0        100       6236   Library Totals

    ----------------------------------------------------------------------

==============================================================================


      Code (inc. data)   RO Data    RW Data    ZI Data      Debug   

     32456       2332        952        448       2984     413488   Grand Totals
     32456       2332        952         72       2984     413488   ELF Image Totals (compressed)
     32456       2332        952         72          0          0   ROM Totals

==============================================================================

    Total RO  Size (Code + RO Data)                33408 (  32.63kB)
    Total RW  Size (RW Data + ZI Data)              3432 (   3.35kB)
    Total ROM Size (Code + RO Data + RW Data)      33480 (  32.70kB)

==============================================================================

